Component: ARM Compiler 5.06 update 4 (build 422) Tool: armlink [4d35d2]

==============================================================================

Section Cross References

    startup_stm32f407xx.o(RESET) refers to startup_stm32f407xx.o(STACK) for __initial_sp
    startup_stm32f407xx.o(RESET) refers to startup_stm32f407xx.o(.text) for Reset_Handler
    startup_stm32f407xx.o(RESET) refers to stm32f4xx_it.o(i.NMI_Handler) for NMI_Handler
    startup_stm32f407xx.o(RESET) refers to stm32f4xx_it.o(i.HardFault_Handler) for HardFault_Handler
    startup_stm32f407xx.o(RESET) refers to stm32f4xx_it.o(i.MemManage_Handler) for MemManage_Handler
    startup_stm32f407xx.o(RESET) refers to stm32f4xx_it.o(i.BusFault_Handler) for BusFault_Handler
    startup_stm32f407xx.o(RESET) refers to stm32f4xx_it.o(i.UsageFault_Handler) for UsageFault_Handler
    startup_stm32f407xx.o(RESET) refers to port.o(.emb_text) for SVC_Handler
    startup_stm32f407xx.o(RESET) refers to stm32f4xx_it.o(i.DebugMon_Handler) for DebugMon_Handler
    startup_stm32f407xx.o(RESET) refers to port.o(i.SysTick_Handler) for SysTick_Handler
    startup_stm32f407xx.o(RESET) refers to stm32f4xx_it.o(i.EXTI9_5_IRQHandler) for EXTI9_5_IRQHandler
    startup_stm32f407xx.o(RESET) refers to stm32f4xx_it.o(i.TIM1_UP_TIM10_IRQHandler) for TIM1_UP_TIM10_IRQHandler
    startup_stm32f407xx.o(RESET) refers to stm32f4xx_it.o(i.USART1_IRQHandler) for USART1_IRQHandler
    startup_stm32f407xx.o(RESET) refers to stm32f4xx_it.o(i.EXTI15_10_IRQHandler) for EXTI15_10_IRQHandler
    startup_stm32f407xx.o(.text) refers to system_stm32f4xx_1.o(i.SystemInit) for SystemInit
    startup_stm32f407xx.o(.text) refers to entry.o(.ARM.Collect$$$$00000000) for __main
    main.o(i.HAL_TIM_PeriodElapsedCallback) refers to stm32f4xx_hal.o(i.HAL_IncTick) for HAL_IncTick
    main.o(i.SystemClock_Config) refers to memseta.o(.text) for __aeabi_memclr4
    main.o(i.SystemClock_Config) refers to stm32f4xx_hal_rcc.o(i.HAL_RCC_OscConfig) for HAL_RCC_OscConfig
    main.o(i.SystemClock_Config) refers to stm32f4xx_hal_rcc.o(i.HAL_RCC_ClockConfig) for HAL_RCC_ClockConfig
    main.o(i.main) refers to stm32f4xx_hal.o(i.HAL_Init) for HAL_Init
    main.o(i.main) refers to main.o(i.SystemClock_Config) for SystemClock_Config
    main.o(i.main) refers to gpio.o(i.MX_GPIO_Init) for MX_GPIO_Init
    main.o(i.main) refers to usart.o(i.MX_USART1_UART_Init) for MX_USART1_UART_Init
    main.o(i.main) refers to fsmc.o(i.MX_FSMC_Init) for MX_FSMC_Init
    main.o(i.main) refers to tim.o(i.MX_TIM12_Init) for MX_TIM12_Init
    main.o(i.main) refers to stm32f4xx_hal_gpio.o(i.HAL_GPIO_WritePin) for HAL_GPIO_WritePin
    main.o(i.main) refers to cmsis_os2.o(i.osKernelInitialize) for osKernelInitialize
    main.o(i.main) refers to freertos.o(i.MX_FREERTOS_Init) for MX_FREERTOS_Init
    main.o(i.main) refers to cmsis_os2.o(i.osKernelStart) for osKernelStart
    gpio.o(i.MX_GPIO_Init) refers to memseta.o(.text) for __aeabi_memclr4
    gpio.o(i.MX_GPIO_Init) refers to stm32f4xx_hal_gpio.o(i.HAL_GPIO_WritePin) for HAL_GPIO_WritePin
    gpio.o(i.MX_GPIO_Init) refers to stm32f4xx_hal_gpio.o(i.HAL_GPIO_Init) for HAL_GPIO_Init
    gpio.o(i.MX_GPIO_Init) refers to stm32f4xx_hal_cortex.o(i.HAL_NVIC_SetPriority) for HAL_NVIC_SetPriority
    gpio.o(i.MX_GPIO_Init) refers to stm32f4xx_hal_cortex.o(i.HAL_NVIC_EnableIRQ) for HAL_NVIC_EnableIRQ
    freertos.o(i.BuzzerTask) refers to buzzer.o(i.buzzer_beep) for buzzer_beep
    freertos.o(i.BuzzerTask) refers to cmsis_os2.o(i.osDelay) for osDelay
    freertos.o(i.BuzzerTask) refers to stm32f4xx_hal_gpio.o(i.HAL_GPIO_WritePin) for HAL_GPIO_WritePin
    freertos.o(i.BuzzerTask) refers to freertos.o(.data) for .data
    freertos.o(i.HAL_GPIO_EXTI_Callback) refers to cmsis_os2.o(i.osThreadFlagsSet) for osThreadFlagsSet
    freertos.o(i.HAL_GPIO_EXTI_Callback) refers to freertos.o(.data) for .data
    freertos.o(i.LEDTask) refers to cmsis_os2.o(i.osDelay) for osDelay
    freertos.o(i.LEDTask) refers to stm32f4xx_hal_gpio.o(i.HAL_GPIO_WritePin) for HAL_GPIO_WritePin
    freertos.o(i.LEDTask) refers to freertos.o(.data) for .data
    freertos.o(i.MX_FREERTOS_Init) refers to cmsis_os2.o(i.osThreadNew) for osThreadNew
    freertos.o(i.MX_FREERTOS_Init) refers to cmsis_os2.o(i.osSemaphoreNew) for osSemaphoreNew
    freertos.o(i.MX_FREERTOS_Init) refers to memcpya.o(.text) for __aeabi_memcpy4
    freertos.o(i.MX_FREERTOS_Init) refers to freertos.o(.constdata) for .constdata
    freertos.o(i.MX_FREERTOS_Init) refers to freertos.o(i.StartDefaultTask) for StartDefaultTask
    freertos.o(i.MX_FREERTOS_Init) refers to freertos.o(.data) for .data
    freertos.o(i.MX_FREERTOS_Init) refers to freertos.o(i.UITask) for UITask
    freertos.o(i.MX_FREERTOS_Init) refers to freertos.o(i.TouchTask) for TouchTask
    freertos.o(i.MX_FREERTOS_Init) refers to freertos.o(i.BuzzerTask) for BuzzerTask
    freertos.o(i.MX_FREERTOS_Init) refers to freertos.o(i.LEDTask) for LEDTask
[...]
    i.UART_Transmit_IT                       0x08004b9c   Section        0  stm32f4xx_hal_uart.o(i.UART_Transmit_IT)
    UART_Transmit_IT                         0x08004b9d   Thumb Code    98  stm32f4xx_hal_uart.o(i.UART_Transmit_IT)
    i.UITask                                 0x08004c00   Section        0  freertos.o(i.UITask)
    UITask                                   0x08004c01   Thumb Code   100  freertos.o(i.UITask)
    i.USART1_IRQHandler                      0x08004c80   Section        0  stm32f4xx_it.o(i.USART1_IRQHandler)
    i.UsageFault_Handler                     0x08004c8c   Section        0  stm32f4xx_it.o(i.UsageFault_Handler)
    i.__0printf$8                            0x08004c90   Section        0  printf8.o(i.__0printf$8)
    i.__NVIC_SetPriority                     0x08004cb0   Section        0  stm32f4xx_hal_cortex.o(i.__NVIC_SetPriority)
    __NVIC_SetPriority                       0x08004cb1   Thumb Code    32  stm32f4xx_hal_cortex.o(i.__NVIC_SetPriority)
    i.__scatterload_copy                     0x08004cd0   Section       14  handlers.o(i.__scatterload_copy)
    i.__scatterload_null                     0x08004cde   Section        2  handlers.o(i.__scatterload_null)
    i.__scatterload_zeroinit                 0x08004ce0   Section       14  handlers.o(i.__scatterload_zeroinit)
    i._printf_core                           0x08004cf0   Section        0  printf8.o(i._printf_core)
    _printf_core                             0x08004cf1   Thumb Code   996  printf8.o(i._printf_core)
    i._printf_post_padding                   0x08005100   Section        0  printf8.o(i._printf_post_padding)
    _printf_post_padding                     0x08005101   Thumb Code    36  printf8.o(i._printf_post_padding)
    i._printf_pre_padding                    0x08005124   Section        0  printf8.o(i._printf_pre_padding)
    _printf_pre_padding                      0x08005125   Thumb Code    46  printf8.o(i._printf_pre_padding)
    i.buzzer_beep                            0x08005154   Section        0  buzzer.o(i.buzzer_beep)
    i.buzzer_delay_us                        0x080051b8   Section        0  buzzer.o(i.buzzer_delay_us)
    buzzer_delay_us                          0x080051b9   Thumb Code    22  buzzer.o(i.buzzer_delay_us)
    i.delay_init                             0x080051d8   Section        0  delay_us.o(i.delay_init)
    i.delay_ms                               0x080051e4   Section        0  delay_us.o(i.delay_ms)
    i.delay_us                               0x08005200   Section        0  delay_us.o(i.delay_us)
    i.fputc                                  0x08005234   Section        0  main.o(i.fputc)
    i.main                                   0x08005248   Section        0  main.o(i.main)
    i.map_touch_to_freq                      0x0800528c   Section        0  freertos.o(i.map_touch_to_freq)
    map_touch_to_freq                        0x0800528d   Thumb Code   200  freertos.o(i.map_touch_to_freq)
    i.osDelay                                0x0800535c   Section        0  cmsis_os2.o(i.osDelay)
    i.osKernelInitialize                     0x08005390   Section        0  cmsis_os2.o(i.osKernelInitialize)
    i.osKernelStart                          0x080053c4   Section        0  cmsis_os2.o(i.osKernelStart)
    i.osSemaphoreAcquire                     0x08005400   Section        0  cmsis_os2.o(i.osSemaphoreAcquire)
    i.osSemaphoreNew                         0x08005478   Section        0  cmsis_os2.o(i.osSemaphoreNew)
    i.osSemaphoreRelease                     0x08005528   Section        0  cmsis_os2.o(i.osSemaphoreRelease)
    i.osThreadFlagsSet                       0x08005598   Section        0  cmsis_os2.o(i.osThreadFlagsSet)
    i.osThreadFlagsWait                      0x08005624   Section        0  cmsis_os2.o(i.osThreadFlagsWait)
    i.osThreadNew                            0x080056d4   Section        0  cmsis_os2.o(i.osThreadNew)
    i.prvAddCurrentTaskToDelayedList         0x08005778   Section        0  tasks.o(i.prvAddCurrentTaskToDelayedList)
    prvAddCurrentTaskToDelayedList           0x08005779   Thumb Code    84  tasks.o(i.prvAddCurrentTaskToDelayedList)
    i.prvAddNewTaskToReadyList               0x080057d4   Section        0  tasks.o(i.prvAddNewTaskToReadyList)
    prvAddNewTaskToReadyList                 0x080057d5   Thumb Code   190  tasks.o(i.prvAddNewTaskToReadyList)
    i.prvCheckForValidListAndQueue           0x080058a4   Section        0  timers.o(i.prvCheckForValidListAndQueue)
    prvCheckForValidListAndQueue             0x080058a5   Thumb Code    72  timers.o(i.prvCheckForValidListAndQueue)
    i.prvCopyDataFromQueue                   0x080058fc   Section        0  queue.o(i.prvCopyDataFromQueue)
    prvCopyDataFromQueue                     0x080058fd   Thumb Code    38  queue.o(i.prvCopyDataFromQueue)
    i.prvCopyDataToQueue                     0x08005922   Section        0  queue.o(i.prvCopyDataToQueue)
    prvCopyDataToQueue                       0x08005923   Thumb Code   108  queue.o(i.prvCopyDataToQueue)
    i.prvDeleteTCB                           0x0800598e   Section        0  tasks.o(i.prvDeleteTCB)
    prvDeleteTCB                             0x0800598f   Thumb Code    52  tasks.o(i.prvDeleteTCB)
    i.prvHeapInit                            0x080059c4   Section        0  heap_4.o(i.prvHeapInit)
    prvHeapInit                              0x080059c5   Thumb Code    66  heap_4.o(i.prvHeapInit)
    i.prvIdleTask                            0x08005a10   Section        0  tasks.o(i.prvIdleTask)
    prvIdleTask                              0x08005a11   Thumb Code    82  tasks.o(i.prvIdleTask)
    i.prvInitialiseNewQueue                  0x08005a70   Section        0  queue.o(i.prvInitialiseNewQueue)
    prvInitialiseNewQueue                    0x08005a71   Thumb Code    34  queue.o(i.prvInitialiseNewQueue)
    i.prvInitialiseNewTask                   0x08005a94   Section        0  tasks.o(i.prvInitialiseNewTask)
    prvInitialiseNewTask                     0x08005a95   Thumb Code   176  tasks.o(i.prvInitialiseNewTask)
    i.prvInsertBlockIntoFreeList             0x08005b44   Section        0  heap_4.o(i.prvInsertBlockIntoFreeList)
    prvInsertBlockIntoFreeList               0x08005b45   Thumb Code    72  heap_4.o(i.prvInsertBlockIntoFreeList)
    i.prvInsertTimerInActiveList             0x08005b90   Section        0  timers.o(i.prvInsertTimerInActiveList)
    prvInsertTimerInActiveList               0x08005b91   Thumb Code    52  timers.o(i.prvInsertTimerInActiveList)
    i.prvIsQueueEmpty                        0x08005bc8   Section        0  queue.o(i.prvIsQueueEmpty)
    prvIsQueueEmpty                          0x08005bc9   Thumb Code    28  queue.o(i.prvIsQueueEmpty)
    i.prvProcessReceivedCommands             0x08005be4   Section        0  timers.o(i.prvProcessReceivedCommands)
    prvProcessReceivedCommands               0x08005be5   Thumb Code   248  timers.o(i.prvProcessReceivedCommands)
    i.prvProcessTimerOrBlockTask             0x08005ce0   Section        0  timers.o(i.prvProcessTimerOrBlockTask)
    prvProcessTimerOrBlockTask               0x08005ce1   Thumb Code   182  timers.o(i.prvProcessTimerOrBlockTask)
    i.prvResetNextTaskUnblockTime            0x08005da0   Section        0  tasks.o(i.prvResetNextTaskUnblockTime)
    prvResetNextTaskUnblockTime              0x08005da1   Thumb Code    26  tasks.o(i.prvResetNextTaskUnblockTime)
    i.prvSampleTimeNow                       0x08005dc0   Section        0  timers.o(i.prvSampleTimeNow)
    prvSampleTimeNow                         0x08005dc1   Thumb Code    36  timers.o(i.prvSampleTimeNow)
    i.prvSwitchTimerLists                    0x08005de8   Section        0  timers.o(i.prvSwitchTimerLists)
    prvSwitchTimerLists                      0x08005de9   Thumb Code   104  timers.o(i.prvSwitchTimerLists)
    i.prvTaskExitError                       0x08005e54   Section        0  port.o(i.prvTaskExitError)
    prvTaskExitError                         0x08005e55   Thumb Code    36  port.o(i.prvTaskExitError)
    i.prvTimerTask                           0x08005e7c   Section        0  timers.o(i.prvTimerTask)
    prvTimerTask                             0x08005e7d   Thumb Code    32  timers.o(i.prvTimerTask)
    i.prvUnlockQueue                         0x08005ea0   Section        0  queue.o(i.prvUnlockQueue)
    prvUnlockQueue                           0x08005ea1   Thumb Code   106  queue.o(i.prvUnlockQueue)
    i.pvPortMalloc                           0x08005f0c   Section        0  heap_4.o(i.pvPortMalloc)
    i.pvTaskIncrementMutexHeldCount          0x08005fe4   Section        0  tasks.o(i.pvTaskIncrementMutexHeldCount)
    i.pxPortInitialiseStack                  0x08005ffc   Section        0  port.o(i.pxPortInitialiseStack)
    i.uxListRemove                           0x08006028   Section        0  list.o(i.uxListRemove)
    i.vApplicationGetIdleTaskMemory          0x08006050   Section        0  cmsis_os2.o(i.vApplicationGetIdleTaskMemory)
    i.vApplicationGetTimerTaskMemory         0x08006064   Section        0  cmsis_os2.o(i.vApplicationGetTimerTaskMemory)
    i.vListInitialise                        0x0800607c   Section        0  list.o(i.vListInitialise)
    i.vListInitialiseItem                    0x08006092   Section        0  list.o(i.vListInitialiseItem)
    i.vListInsert                            0x08006098   Section        0  list.o(i.vListInsert)
    i.vListInsertEnd                         0x080060c8   Section        0  list.o(i.vListInsertEnd)
    i.vPortEnterCritical                     0x080060e0   Section        0  port.o(i.vPortEnterCritical)
    i.vPortExitCritical                      0x08006120   Section        0  port.o(i.vPortExitCritical)
    i.vPortFree                              0x08006148   Section        0  heap_4.o(i.vPortFree)
    i.vPortSetupTimerInterrupt               0x080061a4   Section        0  port.o(i.vPortSetupTimerInterrupt)
    i.vPortValidateInterruptPriority         0x080061c8   Section        0  port.o(i.vPortValidateInterruptPriority)
    i.vQueueAddToRegistry                    0x0800621c   Section        0  queue.o(i.vQueueAddToRegistry)
    i.vQueueDelete                           0x08006244   Section        0  queue.o(i.vQueueDelete)
    i.vQueueUnregisterQueue                  0x08006274   Section        0  queue.o(i.vQueueUnregisterQueue)
    i.vQueueWaitForMessageRestricted         0x0800629c   Section        0  queue.o(i.vQueueWaitForMessageRestricted)
    i.vTaskDelay                             0x080062e0   Section        0  tasks.o(i.vTaskDelay)
    i.vTaskInternalSetTimeOutState           0x0800632c   Section        0  tasks.o(i.vTaskInternalSetTimeOutState)
    i.vTaskMissedYield                       0x0800633c   Section        0  tasks.o(i.vTaskMissedYield)
    i.vTaskPlaceOnEventList                  0x08006348   Section        0  tasks.o(i.vTaskPlaceOnEventList)
    i.vTaskPlaceOnEventListRestricted        0x08006378   Section        0  tasks.o(i.vTaskPlaceOnEventListRestricted)
    i.vTaskPriorityDisinheritAfterTimeout    0x080063b0   Section        0  tasks.o(i.vTaskPriorityDisinheritAfterTimeout)
    i.vTaskStartScheduler                    0x08006440   Section        0  tasks.o(i.vTaskStartScheduler)
    i.vTaskSuspendAll                        0x080064c8   Section        0  tasks.o(i.vTaskSuspendAll)
    i.vTaskSwitchContext                     0x080064d8   Section        0  tasks.o(i.vTaskSwitchContext)
    i.xPortStartScheduler                    0x0800653c   Section        0  port.o(i.xPortStartScheduler)
    i.xQueueCreateCountingSemaphore          0x08006630   Section        0  queue.o(i.xQueueCreateCountingSemaphore)
    i.xQueueCreateCountingSemaphoreStatic    0x0800666a   Section        0  queue.o(i.xQueueCreateCountingSemaphoreStatic)
    i.xQueueGenericCreate                    0x080066aa   Section        0  queue.o(i.xQueueGenericCreate)
    i.xQueueGenericCreateStatic              0x080066f2   Section        0  queue.o(i.xQueueGenericCreateStatic)
    i.xQueueGenericReset                     0x08006758   Section        0  queue.o(i.xQueueGenericReset)
    i.xQueueGenericSend                      0x080067e0   Section        0  queue.o(i.xQueueGenericSend)
    i.xQueueGenericSendFromISR               0x08006940   Section        0  queue.o(i.xQueueGenericSendFromISR)
    i.xQueueGiveFromISR                      0x080069fc   Section        0  queue.o(i.xQueueGiveFromISR)
    i.xQueueReceive                          0x08006a98   Section        0  queue.o(i.xQueueReceive)
    i.xQueueReceiveFromISR                   0x08006bd0   Section        0  queue.o(i.xQueueReceiveFromISR)
    i.xQueueSemaphoreTake                    0x08006c6c   Section        0  queue.o(i.xQueueSemaphoreTake)
    i.xTaskCheckForTimeOut                   0x08006de4   Section        0  tasks.o(i.xTaskCheckForTimeOut)
    i.xTaskCreate                            0x08006e58   Section        0  tasks.o(i.xTaskCreate)
    i.xTaskCreateStatic                      0x08006eb2   Section        0  tasks.o(i.xTaskCreateStatic)
    i.xTaskGenericNotify                     0x08006f08   Section        0  tasks.o(i.xTaskGenericNotify)
    i.xTaskGenericNotifyFromISR              0x08006fe8   Section        0  tasks.o(i.xTaskGenericNotifyFromISR)
    i.xTaskGetSchedulerState                 0x080070ec   Section        0  tasks.o(i.xTaskGetSchedulerState)
    i.xTaskGetTickCount                      0x08007108   Section        0  tasks.o(i.xTaskGetTickCount)
    i.xTaskIncrementTick                     0x08007114   Section        0  tasks.o(i.xTaskIncrementTick)
    i.xTaskNotifyWait                        0x080071dc   Section        0  tasks.o(i.xTaskNotifyWait)
    i.xTaskPriorityDisinherit                0x08007268   Section        0  tasks.o(i.xTaskPriorityDisinherit)
    i.xTaskPriorityInherit                   0x080072e8   Section        0  tasks.o(i.xTaskPriorityInherit)
    i.xTaskRemoveFromEventList               0x08007360   Section        0  tasks.o(i.xTaskRemoveFromEventList)
    i.xTaskResumeAll                         0x080073d0   Section        0  tasks.o(i.xTaskResumeAll)
    i.xTimerCreateTimerTask                  0x08007494   Section        0  timers.o(i.xTimerCreateTimerTask)
    i.xTimerGenericCommand                   0x080074f4   Section        0  timers.o(i.xTimerGenericCommand)
    .constdata                               0x0800755c   Section    768368  freertos.o(.constdata)
    score                                    0x080c2e60   Data         108  freertos.o(.constdata)
    .constdata                               0x080c2ecc   Section      194  gt9147.o(.constdata)
    .constdata                               0x080c2f8e   Section     6080  lcd.o(.constdata)
    .constdata                               0x080c474e   Section       16  system_stm32f4xx_1.o(.constdata)
    .constdata                               0x080c475e   Section        8  system_stm32f4xx_1.o(.constdata)
    .conststring                             0x080c4768   Section       62  freertos.o(.conststring)
    .data                                    0x20000000   Section       16  freertos.o(.data)
    g_ui_ready                               0x20000000   Data           1  freertos.o(.data)
    g_music_playing                          0x20000001   Data           1  freertos.o(.data)
    g_current_freq                           0x20000002   Data           2  freertos.o(.data)
    uiReadySem                               0x20000004   Data           4  freertos.o(.data)
    musicTaskHandle                          0x20000008   Data           4  freertos.o(.data)
    .data                                    0x20000010   Section        8  fsmc.o(.data)
    FSMC_Initialized                         0x20000010   Data           4  fsmc.o(.data)
    FSMC_DeInitialized                       0x20000014   Data           4  fsmc.o(.data)
    .data                                    0x20000018   Section       10  gt9147.o(.data)
    t                                        0x20000018   Data           1  gt9147.o(.data)
    .data                                    0x20000022   Section        8  lcd.o(.data)
    i                                        0x20000026   Data           2  lcd.o(.data)
    j                                        0x20000028   Data           2  lcd.o(.data)
    .data                                    0x2000002c   Section        4  delay_us.o(.data)
    fac_us                                   0x2000002c   Data           4  delay_us.o(.data)
    .data                                    0x20000030   Section       12  stm32f4xx_hal.o(.data)
    .data                                    0x2000003c   Section        4  system_stm32f4xx_1.o(.data)
    .data                                    0x20000040   Section       60  tasks.o(.data)
    pxDelayedTaskList                        0x20000044   Data           4  tasks.o(.data)
    pxOverflowDelayedTaskList                0x20000048   Data           4  tasks.o(.data)
    uxDeletedTasksWaitingCleanUp             0x2000004c   Data           4  tasks.o(.data)
    uxCurrentNumberOfTasks                   0x20000050   Data           4  tasks.o(.data)
    xTickCount                               0x20000054   Data           4  tasks.o(.data)
    uxTopReadyPriority                       0x20000058   Data           4  tasks.o(.data)
    xSchedulerRunning                        0x2000005c   Data           4  tasks.o(.data)
    uxPendedTicks                            0x20000060   Data           4  tasks.o(.data)
    xYieldPending                            0x20000064   Data           4  tasks.o(.data)
    xNumOfOverflows                          0x20000068   Data           4  tasks.o(.data)
    uxTaskNumber                             0x2000006c   Data           4  tasks.o(.data)
    xNextTaskUnblockTime                     0x20000070   Data           4  tasks.o(.data)
    xIdleTaskHandle                          0x20000074   Data           4  tasks.o(.data)
    uxSchedulerSuspended                     0x20000078   Data           4  tasks.o(.data)
    .data                                    0x2000007c   Section       20  timers.o(.data)
    pxCurrentTimerList                       0x2000007c   Data           4  timers.o(.data)
    pxOverflowTimerList                      0x20000080   Data           4  timers.o(.data)
    xTimerQueue                              0x20000084   Data           4  timers.o(.data)
    xTimerTaskHandle                         0x20000088   Data           4  timers.o(.data)
    xLastTime                                0x2000008c   Data           4  timers.o(.data)
    .data                                    0x20000090   Section        4  cmsis_os2.o(.data)
    KernelState                              0x20000090   Data           4  cmsis_os2.o(.data)
    .data                                    0x20000094   Section       24  heap_4.o(.data)
    pxEnd                                    0x20000094   Data           4  heap_4.o(.data)
    xFreeBytesRemaining                      0x20000098   Data           4  heap_4.o(.data)
    xMinimumEverFreeBytesRemaining           0x2000009c   Data           4  heap_4.o(.data)
    xBlockAllocatedBit                       0x200000a0   Data           4  heap_4.o(.data)
    xStart                                   0x200000a4   Data           8  heap_4.o(.data)
    .data                                    0x200000ac   Section       12  port.o(.data)
    ucMaxSysCallPriority                     0x200000ac   Data           1  port.o(.data)
    uxCriticalNesting                        0x200000b0   Data           4  port.o(.data)
    ulMaxPRIGROUPValue                       0x200000b4   Data           4  port.o(.data)
    .data                                    0x200000b8   Section        4  stdout.o(.data)
    .bss                                     0x200000bc   Section       80  fsmc.o(.bss)
    .bss                                     0x2000010c   Section       64  usart.o(.bss)
    .bss                                     0x2000014c   Section       64  stm32f4xx_hal_timebase_tim.o(.bss)
    .bss                                     0x2000018c   Section       40  lcd_touch.o(.bss)
    .bss                                     0x200001b4   Section       14  lcd.o(.bss)
    .bss                                     0x200001c4   Section       64  tim.o(.bss)
    .bss                                     0x20000204   Section       64  queue.o(.bss)
    .bss                                     0x20000244   Section     1220  tasks.o(.bss)
    pxReadyTasksLists                        0x20000244   Data        1120  tasks.o(.bss)
    xDelayedTaskList1                        0x200006a4   Data          20  tasks.o(.bss)
    xDelayedTaskList2                        0x200006b8   Data          20  tasks.o(.bss)
    xPendingReadyList                        0x200006cc   Data          20  tasks.o(.bss)
    xTasksWaitingTermination                 0x200006e0   Data          20  tasks.o(.bss)
    xSuspendedTaskList                       0x200006f4   Data          20  tasks.o(.bss)
    .bss                                     0x20000708   Section      280  timers.o(.bss)
    xActiveTimerList1                        0x20000708   Data          20  timers.o(.bss)
    xActiveTimerList2                        0x2000071c   Data          20  timers.o(.bss)
    xStaticTimerQueue                        0x20000730   Data          80  timers.o(.bss)
    ucStaticTimerQueueStorage                0x20000780   Data         160  timers.o(.bss)
    .bss                                     0x20000820   Section     1720  cmsis_os2.o(.bss)
    Idle_TCB                                 0x20000820   Data          92  cmsis_os2.o(.bss)
    Idle_Stack                               0x2000087c   Data         512  cmsis_os2.o(.bss)
    Timer_TCB                                0x20000a7c   Data          92  cmsis_os2.o(.bss)
    Timer_Stack                              0x20000ad8   Data        1024  cmsis_os2.o(.bss)
    .bss                                     0x20000ed8   Section    15360  heap_4.o(.bss)
    ucHeap                                   0x20000ed8   Data       15360  heap_4.o(.bss)
    STACK                                    0x20004ad8   Section     1024  startup_stm32f407xx.o(STACK)

    Global Symbols

    Symbol Name                              Value     Ov Type        Size  Object(Section)

    BuildAttributes$$THM_ISAv4$E$P$D$K$B$S$7EM$VFPi3$EXTD16$VFPS$VFMA$PE$A:L22UL41UL21$X:L11$S22US41US21$IEEE1$IW$USESV6$~STKCKD$USESV7$~SHL$OSPACE$ROPI$EBA8$MICROLIB$REQ8$PRES8$EABIv2 0x00000000   Number         0  anon$$obj.o ABSOLUTE
    __ARM_use_no_argv                        0x00000000   Number         0  main.o ABSOLUTE
    _printf_a                                0x00000000   Number         0  stubs.o ABSOLUTE
    _printf_c                                0x00000000   Number         0  stubs.o ABSOLUTE
    _printf_charcount                        0x00000000   Number         0  stubs.o ABSOLUTE
    _printf_d                                0x00000000   Number         0  stubs.o ABSOLUTE
    _printf_e                                0x00000000   Number         0  stubs.o ABSOLUTE
    _printf_f                                0x00000000   Number         0  stubs.o ABSOLUTE
    _printf_flags                            0x00000000   Number         0  stubs.o ABSOLUTE
    _printf_fp_dec                           0x00000000   Number         0  stubs.o ABSOLUTE
    _printf_fp_hex                           0x00000000   Number         0  stubs.o ABSOLUTE
    _printf_g                                0x00000000   Number         0  stubs.o ABSOLUTE
    _printf_i                                0x00000000   Number         0  stubs.o ABSOLUTE
    _printf_int_dec                          0x00000000   Number         0  stubs.o ABSOLUTE
    _printf_l                                0x00000000   Number         0  stubs.o ABSOLUTE
    _printf_lc                               0x00000000   Number         0  stubs.o ABSOLUTE
    _printf_ll                               0x00000000   Number         0  stubs.o ABSOLUTE
    _printf_lld                              0x00000000   Number         0  stubs.o ABSOLUTE
    _printf_lli                              0x00000000   Number         0  stubs.o ABSOLUTE
    _printf_llo                              0x00000000   Number         0  stubs.o ABSOLUTE
    _printf_llu                              0x00000000   Number         0  stubs.o ABSOLUTE
    _printf_llx                              0x00000000   Number         0  stubs.o ABSOLUTE
    _printf_longlong_dec                     0x00000000   Number         0  stubs.o ABSOLUTE
    _printf_longlong_hex                     0x00000000   Number         0  stubs.o ABSOLUTE
    _printf_longlong_oct                     0x00000000   Number         0  stubs.o ABSOLUTE
    _printf_ls                               0x00000000   Number         0  stubs.o ABSOLUTE
    _printf_mbtowc                           0x00000000   Number         0  stubs.o ABSOLUTE
    _printf_n                                0x00000000   Number         0  stubs.o ABSOLUTE
    _printf_o                                0x00000000   Number         0  stubs.o ABSOLUTE
    _printf_p                                0x00000000   Number         0  stubs.o ABSOLUTE
    _printf_percent                          0x00000000   Number         0  stubs.o ABSOLUTE
    _printf_pre_padding                      0x00000000   Number         0  stubs.o ABSOLUTE
    _printf_return_value                     0x00000000   Number         0  stubs.o ABSOLUTE
    _printf_s                                0x00000000   Number         0  stubs.o ABSOLUTE
    _printf_sizespec                         0x00000000   Number         0  stubs.o ABSOLUTE
    _printf_str                              0x00000000   Number         0  stubs.o ABSOLUTE
    _printf_truncate_signed                  0x00000000   Number         0  stubs.o ABSOLUTE
    _printf_truncate_unsigned                0x00000000   Number         0  stubs.o ABSOLUTE
    _printf_u                                0x00000000   Number         0  stubs.o ABSOLUTE
    _printf_wc                               0x00000000   Number         0  stubs.o ABSOLUTE
    _printf_wctomb                           0x00000000   Number         0  stubs.o ABSOLUTE
    _printf_widthprec                        0x00000000   Number         0  stubs.o ABSOLUTE
    _printf_x                                0x00000000   Number         0  stubs.o ABSOLUTE
    __cpp_initialize__aeabi_                  - Undefined Weak Reference
    __cxa_finalize                            - Undefined Weak Reference
    __decompress                              - Undefined Weak Reference
    _clock_init                               - Undefined Weak Reference
    _microlib_exit                            - Undefined Weak Reference
    __Vectors_Size                           0x00000188   Number         0  startup_stm32f407xx.o ABSOLUTE
    __Vectors                                0x08000000   Data           4  startup_stm32f407xx.o(RESET)
    __Vectors_End                            0x08000188   Data           0  startup_stm32f407xx.o(RESET)
    __main                                   0x08000189   Thumb Code     0  entry.o(.ARM.Collect$$$$00000000)
    _main_stk                                0x08000189   Thumb Code     0  entry2.o(.ARM.Collect$$$$00000001)
    _main_scatterload                        0x0800018d   Thumb Code     0  entry5.o(.ARM.Collect$$$$00000004)
    __main_after_scatterload                 0x08000191   Thumb Code     0  entry5.o(.ARM.Collect$$$$00000004)
    _main_clock                              0x08000191   Thumb Code     0  entry7b.o(.ARM.Collect$$$$00000008)
    _main_cpp_init                           0x08000191   Thumb Code     0  entry8b.o(.ARM.Collect$$$$0000000A)
    _main_init                               0x08000191   Thumb Code     0  entry9a.o(.ARM.Collect$$$$0000000B)
    __rt_final_cpp                           0x08000199   Thumb Code     0  entry10a.o(.ARM.Collect$$$$0000000D)
    __rt_final_exit                          0x08000199   Thumb Code     0  entry11a.o(.ARM.Collect$$$$0000000F)
    SVC_Handler                              0x0800019d   Thumb Code    28  port.o(.emb_text)
    __asm___6_port_c_39a90d8d__prvStartFirstTask 0x080001bd   Thumb Code    36  port.o(.emb_text)
    __asm___6_port_c_39a90d8d__prvEnableVFP  0x080001e5   Thumb Code    16  port.o(.emb_text)
    PendSV_Handler                           0x080001f9   Thumb Code    88  port.o(.emb_text)
    vPortGetIPSR                             0x08000255   Thumb Code     6  port.o(.emb_text)
    Reset_Handler                            0x0800025d   Thumb Code     8  startup_stm32f407xx.o(.text)
    ADC_IRQHandler                           0x08000277   Thumb Code     0  startup_stm32f407xx.o(.text)
    CAN1_RX0_IRQHandler                      0x08000277   Thumb Code     0  startup_stm32f407xx.o(.text)
    CAN1_RX1_IRQHandler                      0x08000277   Thumb Code     0  startup_stm32f407xx.o(.text)
    CAN1_SCE_IRQHandler                      0x08000277   Thumb Code     0  startup_stm32f407xx.o(.text)
    CAN1_TX_IRQHandler                       0x08000277   Thumb Code     0  startup_stm32f407xx.o(.text)
    CAN2_RX0_IRQHandler                      0x08000277   Thumb Code     0  startup_stm32f407xx.o(.text)
    CAN2_RX1_IRQHandler                      0x08000277   Thumb Code     0  startup_stm32f407xx.o(.text)
    CAN2_SCE_IRQHandler                      0x08000277   Thumb Code     0  startup_stm32f407xx.o(.text)
    CAN2_TX_IRQHandler                       0x08000277   Thumb Code     0  startup_stm32f407xx.o(.text)
    DCMI_IRQHandler                          0x08000277   Thumb Code     0  startup_stm32f407xx.o(.text)
    DMA1_Stream0_IRQHandler                  0x08000277   Thumb Code     0  startup_stm32f407xx.o(.text)
    DMA1_Stream1_IRQHandler                  0x08000277   Thumb Code     0  startup_stm32f407xx.o(.text)
    DMA1_Stream2_IRQHandler                  0x08000277   Thumb Code     0  startup_stm32f407xx.o(.text)
    DMA1_Stream3_IRQHandler                  0x08000277   Thumb Code     0  startup_stm32f407xx.o(.text)
    DMA1_Stream4_IRQHandler                  0x08000277   Thumb Code     0  startup_stm32f407xx.o(.text)
    DMA1_Stream5_IRQHandler                  0x08000277   Thumb Code     0  startup_stm32f407xx.o(.text)
    DMA1_Stream6_IRQHandler                  0x08000277   Thumb Code     0  startup_stm32f407xx.o(.text)
    DMA1_Stream7_IRQHandler                  0x08000277   Thumb Code     0  startup_stm32f407xx.o(.text)
    DMA2_Stream0_IRQHandler                  0x08000277   Thumb Code     0  startup_stm32f407xx.o(.text)
    DMA2_Stream1_IRQHandler                  0x08000277   Thumb Code     0  startup_stm32f407xx.o(.text)
    DMA2_Stream2_IRQHandler                  0x08000277   Thumb Code     0  startup_stm32f407xx.o(.text)
    DMA2_Stream3_IRQHandler                  0x08000277   Thumb Code     0  startup_stm32f407xx.o(.text)
    DMA2_Stream4_IRQHandler                  0x08000277   Thumb Code     0  startup_stm32f407xx.o(.text)
    DMA2_Stream5_IRQHandler                  0x08000277   Thumb Code     0  startup_stm32f407xx.o(.text)
    DMA2_Stream6_IRQHandler                  0x08000277   Thumb Code     0  startup_stm32f407xx.o(.text)
    DMA2_Stream7_IRQHandler                  0x08000277   Thumb Code     0  startup_stm32f407xx.o(.text)
    ETH_IRQHandler                           0x08000277   Thumb Code     0  startup_stm32f407xx.o(.text)
    ETH_WKUP_IRQHandler                      0x08000277   Thumb Code     0  startup_stm32f407xx.o(.text)
    EXTI0_IRQHandler                         0x08000277   Thumb Code     0  startup_stm32f407xx.o(.text)
    EXTI1_IRQHandler                         0x08000277   Thumb Code     0  startup_stm32f407xx.o(.text)
    EXTI2_IRQHandler                         0x08000277   Thumb Code     0  startup_stm32f407xx.o(.text)
    EXTI3_IRQHandler                         0x08000277   Thumb Code     0  startup_stm32f407xx.o(.text)
    EXTI4_IRQHandler                         0x08000277   Thumb Code     0  startup_stm32f407xx.o(.text)
    FLASH_IRQHandler                         0x08000277   Thumb Code     0  startup_stm32f407xx.o(.text)
    FMC_IRQHandler                           0x08000277   Thumb Code     0  startup_stm32f407xx.o(.text)
    FPU_IRQHandler                           0x08000277   Thumb Code     0  startup_stm32f407xx.o(.text)
    HASH_RNG_IRQHandler                      0x08000277   Thumb Code     0  startup_stm32f407xx.o(.text)
    I2C1_ER_IRQHandler                       0x08000277   Thumb Code     0  startup_stm32f407xx.o(.text)
    I2C1_EV_IRQHandler                       0x08000277   Thumb Code     0  startup_stm32f407xx.o(.text)
    I2C2_ER_IRQHandler                       0x08000277   Thumb Code     0  startup_stm32f407xx.o(.text)
    I2C2_EV_IRQHandler                       0x08000277   Thumb Code     0  startup_stm32f407xx.o(.text)
    I2C3_ER_IRQHandler                       0x08000277   Thumb Code     0  startup_stm32f407xx.o(.text)
    I2C3_EV_IRQHandler                       0x08000277   Thumb Code     0  startup_stm32f407xx.o(.text)
    OTG_FS_IRQHandler                        0x08000277   Thumb Code     0  startup_stm32f407xx.o(.text)
    OTG_FS_WKUP_IRQHandler                   0x08000277   Thumb Code     0  startup_stm32f407xx.o(.text)
    OTG_HS_EP1_IN_IRQHandler                 0x08000277   Thumb Code     0  startup_stm32f407xx.o(.text)
    OTG_HS_EP1_OUT_IRQHandler                0x08000277   Thumb Code     0  startup_stm32f407xx.o(.text)
    OTG_HS_IRQHandler                        0x08000277   Thumb Code     0  startup_stm32f407xx.o(.text)
    OTG_HS_WKUP_IRQHandler                   0x08000277   Thumb Code     0  startup_stm32f407xx.o(.text)
    PVD_IRQHandler                           0x08000277   Thumb Code     0  startup_stm32f407xx.o(.text)
    RCC_IRQHandler                           0x08000277   Thumb Code     0  startup_stm32f407xx.o(.text)
    RTC_Alarm_IRQHandler                     0x08000277   Thumb Code     0  startup_stm32f407xx.o(.text)
    RTC_WKUP_IRQHandler                      0x08000277   Thumb Code     0  startup_stm32f407xx.o(.text)
    SDIO_IRQHandler                          0x08000277   Thumb Code     0  startup_stm32f407xx.o(.text)
    SPI1_IRQHandler                          0x08000277   Thumb Code     0  startup_stm32f407xx.o(.text)
    SPI2_IRQHandler                          0x08000277   Thumb Code     0  startup_stm32f407xx.o(.text)
    SPI3_IRQHandler                          0x08000277   Thumb Code     0  startup_stm32f407xx.o(.text)
    TAMP_STAMP_IRQHandler                    0x08000277   Thumb Code     0  startup_stm32f407xx.o(.text)
    TIM1_BRK_TIM9_IRQHandler                 0x08000277   Thumb Code     0  startup_stm32f407xx.o(.text)
    TIM1_CC_IRQHandler                       0x08000277   Thumb Code     0  startup_stm32f407xx.o(.text)
    TIM1_TRG_COM_TIM11_IRQHandler            0x08000277   Thumb Code     0  startup_stm32f407xx.o(.text)
    TIM2_IRQHandler                          0x08000277   Thumb Code     0  startup_stm32f407xx.o(.text)
    TIM3_IRQHandler                          0x08000277   Thumb Code     0  startup_stm32f407xx.o(.text)
    TIM4_IRQHandler                          0x08000277   Thumb Code     0  startup_stm32f407xx.o(.text)
    TIM5_IRQHandler                          0x08000277   Thumb Code     0  startup_stm32f407xx.o(.text)
    TIM6_DAC_IRQHandler                      0x08000277   Thumb Code     0  startup_stm32f407xx.o(.text)
    TIM7_IRQHandler                          0x08000277   Thumb Code     0  startup_stm32f407xx.o(.text)
    TIM8_BRK_TIM12_IRQHandler                0x08000277   Thumb Code     0  startup_stm32f407xx.o(.text)
    TIM8_CC_IRQHandler                       0x08000277   Thumb Code     0  startup_stm32f407xx.o(.text)
    TIM8_TRG_COM_TIM14_IRQHandler            0x08000277   Thumb Code     0  startup_stm32f407xx.o(.text)
    TIM8_UP_TIM13_IRQHandler                 0x08000277   Thumb Code     0  startup_stm32f407xx.o(.text)
    UART4_IRQHandler                         0x08000277   Thumb Code     0  startup_stm32f407xx.o(.text)
    UART5_IRQHandler                         0x08000277   Thumb Code     0  startup_stm32f407xx.o(.text)
    USART2_IRQHandler                        0x08000277   Thumb Code     0  startup_stm32f407xx.o(.text)
    USART3_IRQHandler                        0x08000277   Thumb Code     0  startup_stm32f407xx.o(.text)
    USART6_IRQHandler                        0x08000277   Thumb Code     0  startup_stm32f407xx.o(.text)
    WWDG_IRQHandler                          0x08000277   Thumb Code     0  startup_stm32f407xx.o(.text)
    __aeabi_uldivmod                         0x08000281   Thumb Code    98  uldiv.o(.text)
    __aeabi_memcpy                           0x080002e3   Thumb Code    36  memcpya.o(.text)
    __aeabi_memcpy4                          0x080002e3   Thumb Code     0  memcpya.o(.text)
    __aeabi_memcpy8                          0x080002e3   Thumb Code     0  memcpya.o(.text)
    __aeabi_memset                           0x08000307   Thumb Code    14  memseta.o(.text)
    __aeabi_memset4                          0x08000307   Thumb Code     0  memseta.o(.text)
    __aeabi_memset8                          0x08000307   Thumb Code     0  memseta.o(.text)
    __aeabi_memclr                           0x08000315   Thumb Code     4  memseta.o(.text)
    __aeabi_memclr4                          0x08000315   Thumb Code     0  memseta.o(.text)
    __aeabi_memclr8                          0x08000315   Thumb Code     0  memseta.o(.text)
    memset                                   0x08000319   Thumb Code    18  memseta.o(.text)
    strcmp                                   0x0800032b   Thumb Code    28  strcmp.o(.text)
    __aeabi_llsl                             0x08000347   Thumb Code    30  llshl.o(.text)
    _ll_shift_l                              0x08000347   Thumb Code     0  llshl.o(.text)
    __aeabi_llsr                             0x08000365   Thumb Code    32  llushr.o(.text)
    _ll_ushift_r                             0x08000365   Thumb Code     0  llushr.o(.text)
    __scatterload                            0x08000385   Thumb Code    28  init.o(.text)
    __scatterload_rt2                        0x08000385   Thumb Code     0  init.o(.text)
    BusFault_Handler                         0x080003a9   Thumb Code     2  stm32f4xx_it.o(i.BusFault_Handler)
    CT_IIC_Ack                               0x080003d9   Thumb Code    82  my_iic.o(i.CT_IIC_Ack)
    CT_IIC_Init                              0x08000435   Thumb Code   130  my_iic.o(i.CT_IIC_Init)
    CT_IIC_NAck                              0x080004c9   Thumb Code    70  my_iic.o(i.CT_IIC_NAck)
    CT_IIC_Read_Byte                         0x08000519   Thumb Code    96  my_iic.o(i.CT_IIC_Read_Byte)
    CT_IIC_Send_Byte                         0x08000581   Thumb Code   104  my_iic.o(i.CT_IIC_Send_Byte)
    CT_IIC_Start                             0x080005f1   Thumb Code    66  my_iic.o(i.CT_IIC_Start)
    CT_IIC_Stop                              0x0800063d   Thumb Code    66  my_iic.o(i.CT_IIC_Stop)
    CT_IIC_Wait_Ack                          0x08000689   Thumb Code    88  my_iic.o(i.CT_IIC_Wait_Ack)
    CT_SDA_IN                                0x080006e9   Thumb Code    28  my_iic.o(i.CT_SDA_IN)
    CT_SDA_OUT                               0x08000709   Thumb Code    30  my_iic.o(i.CT_SDA_OUT)
    DebugMon_Handler                         0x0800072d   Thumb Code     2  stm32f4xx_it.o(i.DebugMon_Handler)
    EXTI15_10_IRQHandler                     0x0800072f   Thumb Code     8  stm32f4xx_it.o(i.EXTI15_10_IRQHandler)
    EXTI9_5_IRQHandler                       0x08000737   Thumb Code     8  stm32f4xx_it.o(i.EXTI9_5_IRQHandler)
    Error_Handler                            0x0800073f   Thumb Code     2  main.o(i.Error_Handler)
    FSMC_NORSRAM_Extended_Timing_Init        0x08000741   Thumb Code    60  stm32f4xx_ll_fsmc.o(i.FSMC_NORSRAM_Extended_Timing_Init)
    FSMC_NORSRAM_Init                        0x08000781   Thumb Code    80  stm32f4xx_ll_fsmc.o(i.FSMC_NORSRAM_Init)
    FSMC_NORSRAM_Timing_Init                 0x080007d5   Thumb Code    64  stm32f4xx_ll_fsmc.o(i.FSMC_NORSRAM_Timing_Init)
    GT9147_Init                              0x08000819   Thumb Code   262  gt9147.o(i.GT9147_Init)
    GT9147_RD_Reg                            0x08000955   Thumb Code    96  gt9147.o(i.GT9147_RD_Reg)
    GT9147_Scan                              0x080009b5   Thumb Code   376  gt9147.o(i.GT9147_Scan)
    GT9147_Send_Cfg                          0x08000b3d   Thumb Code    74  gt9147.o(i.GT9147_Send_Cfg)
    GT9147_WR_Reg                            0x08000b8d   Thumb Code    82  gt9147.o(i.GT9147_WR_Reg)
    HAL_DMA_Abort_IT                         0x08000bdf   Thumb Code    36  stm32f4xx_hal_dma.o(i.HAL_DMA_Abort_IT)
    HAL_Delay                                0x08000c05   Thumb Code    32  stm32f4xx_hal.o(i.HAL_Delay)
    HAL_GPIO_EXTI_Callback                   0x08000cd5   Thumb Code    34  freertos.o(i.HAL_GPIO_EXTI_Callback)
    HAL_GPIO_EXTI_IRQHandler                 0x08000cfd   Thumb Code    18  stm32f4xx_hal_gpio.o(i.HAL_GPIO_EXTI_IRQHandler)
    HAL_GPIO_Init                            0x08000d15   Thumb Code   394  stm32f4xx_hal_gpio.o(i.HAL_GPIO_Init)
    HAL_GPIO_ReadPin                         0x08000ecd   Thumb Code    10  stm32f4xx_hal_gpio.o(i.HAL_GPIO_ReadPin)
    HAL_GPIO_WritePin                        0x08000ed7   Thumb Code    10  stm32f4xx_hal_gpio.o(i.HAL_GPIO_WritePin)
    HAL_GetTick                              0x08000ee1   Thumb Code     6  stm32f4xx_hal.o(i.HAL_GetTick)
    HAL_IncTick                              0x08000eed   Thumb Code    12  stm32f4xx_hal.o(i.HAL_IncTick)
    HAL_Init                                 0x08000efd   Thumb Code    48  stm32f4xx_hal.o(i.HAL_Init)
    HAL_InitTick                             0x08000f31   Thumb Code   100  stm32f4xx_hal_timebase_tim.o(i.HAL_InitTick)
    HAL_MspInit                              0x08000fa5   Thumb Code    52  stm32f4xx_hal_msp.o(i.HAL_MspInit)
    HAL_NVIC_EnableIRQ                       0x08000fdd   Thumb Code    26  stm32f4xx_hal_cortex.o(i.HAL_NVIC_EnableIRQ)
    HAL_NVIC_SetPriority                     0x08000ff9   Thumb Code    60  stm32f4xx_hal_cortex.o(i.HAL_NVIC_SetPriority)
    HAL_NVIC_SetPriorityGrouping             0x08001039   Thumb Code    26  stm32f4xx_hal_cortex.o(i.HAL_NVIC_SetPriorityGrouping)
    HAL_RCC_ClockConfig                      0x0800105d   Thumb Code   288  stm32f4xx_hal_rcc.o(i.HAL_RCC_ClockConfig)
    HAL_RCC_GetClockConfig                   0x08001191   Thumb Code    54  stm32f4xx_hal_rcc.o(i.HAL_RCC_GetClockConfig)
    HAL_RCC_GetHCLKFreq                      0x080011d1   Thumb Code     6  stm32f4xx_hal_rcc.o(i.HAL_RCC_GetHCLKFreq)
    HAL_RCC_GetPCLK1Freq                     0x080011dd   Thumb Code    20  stm32f4xx_hal_rcc.o(i.HAL_RCC_GetPCLK1Freq)
    HAL_RCC_GetPCLK2Freq                     0x080011fd   Thumb Code    20  stm32f4xx_hal_rcc.o(i.HAL_RCC_GetPCLK2Freq)
    HAL_RCC_GetSysClockFreq                  0x0800121d   Thumb Code    88  stm32f4xx_hal_rcc.o(i.HAL_RCC_GetSysClockFreq)
    HAL_RCC_OscConfig                        0x08001281   Thumb Code   840  stm32f4xx_hal_rcc.o(i.HAL_RCC_OscConfig)
    HAL_SRAM_Init                            0x080015dd   Thumb Code    86  stm32f4xx_hal_sram.o(i.HAL_SRAM_Init)
    HAL_SRAM_MspInit                         0x08001633   Thumb Code     4  fsmc.o(i.HAL_SRAM_MspInit)
    HAL_TIMEx_BreakCallback                  0x08001637   Thumb Code     2  stm32f4xx_hal_tim_ex.o(i.HAL_TIMEx_BreakCallback)
    HAL_TIMEx_CommutCallback                 0x08001639   Thumb Code     2  stm32f4xx_hal_tim_ex.o(i.HAL_TIMEx_CommutCallback)
    HAL_TIM_Base_Init                        0x0800163b   Thumb Code    54  stm32f4xx_hal_tim.o(i.HAL_TIM_Base_Init)
    HAL_TIM_Base_MspInit                     0x08001671   Thumb Code    30  tim.o(i.HAL_TIM_Base_MspInit)
    HAL_TIM_Base_Start_IT                    0x08001699   Thumb Code    34  stm32f4xx_hal_tim.o(i.HAL_TIM_Base_Start_IT)
    HAL_TIM_ConfigClockSource                0x080016bb   Thumb Code   214  stm32f4xx_hal_tim.o(i.HAL_TIM_ConfigClockSource)
    HAL_TIM_IC_CaptureCallback               0x08001791   Thumb Code     2  stm32f4xx_hal_tim.o(i.HAL_TIM_IC_CaptureCallback)
    HAL_TIM_IRQHandler                       0x08001793   Thumb Code   358  stm32f4xx_hal_tim.o(i.HAL_TIM_IRQHandler)
    HAL_TIM_MspPostInit                      0x080018f9   Thumb Code    72  tim.o(i.HAL_TIM_MspPostInit)
    HAL_TIM_OC_DelayElapsedCallback          0x0800194d   Thumb Code     2  stm32f4xx_hal_tim.o(i.HAL_TIM_OC_DelayElapsedCallback)
    HAL_TIM_PWM_ConfigChannel                0x0800194f   Thumb Code   208  stm32f4xx_hal_tim.o(i.HAL_TIM_PWM_ConfigChannel)
    HAL_TIM_PWM_Init                         0x08001a1f   Thumb Code    54  stm32f4xx_hal_tim.o(i.HAL_TIM_PWM_Init)
    HAL_TIM_PWM_MspInit                      0x08001a55   Thumb Code     2  stm32f4xx_hal_tim.o(i.HAL_TIM_PWM_MspInit)
    HAL_TIM_PWM_PulseFinishedCallback        0x08001a57   Thumb Code     2  stm32f4xx_hal_tim.o(i.HAL_TIM_PWM_PulseFinishedCallback)
    HAL_TIM_PWM_Start                        0x08001a59   Thumb Code    58  stm32f4xx_hal_tim.o(i.HAL_TIM_PWM_Start)
    HAL_TIM_PeriodElapsedCallback            0x08001a9d   Thumb Code    14  main.o(i.HAL_TIM_PeriodElapsedCallback)
    HAL_TIM_TriggerCallback                  0x08001ab1   Thumb Code     2  stm32f4xx_hal_tim.o(i.HAL_TIM_TriggerCallback)
    HAL_UART_ErrorCallback                   0x08001ab3   Thumb Code     2  stm32f4xx_hal_uart.o(i.HAL_UART_ErrorCallback)
    HAL_UART_IRQHandler                      0x08001ab5   Thumb Code   270  stm32f4xx_hal_uart.o(i.HAL_UART_IRQHandler)
    HAL_UART_Init                            0x08001bc9   Thumb Code    98  stm32f4xx_hal_uart.o(i.HAL_UART_Init)
    HAL_UART_MspInit                         0x08001c2d   Thumb Code   110  usart.o(i.HAL_UART_MspInit)
    HAL_UART_RxCpltCallback                  0x08001ca9   Thumb Code     2  stm32f4xx_hal_uart.o(i.HAL_UART_RxCpltCallback)
    HAL_UART_TxCpltCallback                  0x08001cab   Thumb Code     2  stm32f4xx_hal_uart.o(i.HAL_UART_TxCpltCallback)
    HardFault_Handler                        0x08001cad   Thumb Code     2  stm32f4xx_it.o(i.HardFault_Handler)
    LCD_Clear                                0x08001cb1   Thumb Code    42  lcd.o(i.LCD_Clear)
    LCD_Display_Dir                          0x08001ce1   Thumb Code    58  lcd.o(i.LCD_Display_Dir)
    LCD_DrawPicture                          0x08001d21   Thumb Code    88  lcd.o(i.LCD_DrawPicture)
    LCD_DrawPoint_pic                        0x08001d7d   Thumb Code    20  lcd.o(i.LCD_DrawPoint_pic)
    LCD_Fast_DrawPoint                       0x08001d91   Thumb Code   296  lcd.o(i.LCD_Fast_DrawPoint)
    LCD_Init                                 0x08001ebd   Thumb Code  7672  lcd.o(i.LCD_Init)
    LCD_ReadReg                              0x08003cb5   Thumb Code    20  lcd.o(i.LCD_ReadReg)
    LCD_Scan_Dir                             0x08003cc9   Thumb Code   340  lcd.o(i.LCD_Scan_Dir)
    LCD_SetCursor                            0x08003e21   Thumb Code   252  lcd.o(i.LCD_SetCursor)
    LCD_ShowChar                             0x08003f21   Thumb Code   190  lcd.o(i.LCD_ShowChar)
    LCD_ShowString                           0x08003ff5   Thumb Code    84  lcd.o(i.LCD_ShowString)
    LCD_WR_DATA                              0x08004049   Thumb Code    14  lcd.o(i.LCD_WR_DATA)
    LCD_WR_REG                               0x08004057   Thumb Code    14  lcd.o(i.LCD_WR_REG)
    LCD_WriteRAM_Prepare                     0x08004065   Thumb Code    12  lcd.o(i.LCD_WriteRAM_Prepare)
    LCD_WriteReg                             0x08004075   Thumb Code    10  lcd.o(i.LCD_WriteReg)
    MX_FREERTOS_Init                         0x08004159   Thumb Code   168  freertos.o(i.MX_FREERTOS_Init)
    MX_FSMC_Init                             0x08004225   Thumb Code   102  fsmc.o(i.MX_FSMC_Init)
    MX_GPIO_Init                             0x08004295   Thumb Code   332  gpio.o(i.MX_GPIO_Init)
    MX_TIM12_Init                            0x080043fd   Thumb Code   122  tim.o(i.MX_TIM12_Init)
    MX_USART1_UART_Init                      0x08004481   Thumb Code    48  usart.o(i.MX_USART1_UART_Init)
    MemManage_Handler                        0x080044b9   Thumb Code     2  stm32f4xx_it.o(i.MemManage_Handler)
    NMI_Handler                              0x08004505   Thumb Code     2  stm32f4xx_it.o(i.NMI_Handler)
    StartDefaultTask                         0x08004589   Thumb Code     8  freertos.o(i.StartDefaultTask)
    SysTick_Handler                          0x08004591   Thumb Code    38  port.o(i.SysTick_Handler)
    SystemClock_Config                       0x080045bd   Thumb Code   126  main.o(i.SystemClock_Config)
    SystemInit                               0x08004645   Thumb Code    22  system_stm32f4xx_1.o(i.SystemInit)
    TIM1_UP_TIM10_IRQHandler                 0x08004661   Thumb Code     6  stm32f4xx_it.o(i.TIM1_UP_TIM10_IRQHandler)
    TIM_Base_SetConfig                       0x0800466d   Thumb Code   156  stm32f4xx_hal_tim.o(i.TIM_Base_SetConfig)
    TIM_CCxChannelCmd                        0x08004735   Thumb Code    26  stm32f4xx_hal_tim.o(i.TIM_CCxChannelCmd)
    TIM_ETR_SetConfig                        0x0800474f   Thumb Code    20  stm32f4xx_hal_tim.o(i.TIM_ETR_SetConfig)
    TIM_OC2_SetConfig                        0x080047d5   Thumb Code    98  stm32f4xx_hal_tim.o(i.TIM_OC2_SetConfig)
    TP_Init                                  0x08004941   Thumb Code    32  lcd_touch.o(i.TP_Init)
    Touch_Scan                               0x080049ad   Thumb Code     4  lcd_touch.o(i.Touch_Scan)
    USART1_IRQHandler                        0x08004c81   Thumb Code     6  stm32f4xx_it.o(i.USART1_IRQHandler)
    UsageFault_Handler                       0x08004c8d   Thumb Code     2  stm32f4xx_it.o(i.UsageFault_Handler)
    __0printf$8                              0x08004c91   Thumb Code    22  printf8.o(i.__0printf$8)
    __1printf$8                              0x08004c91   Thumb Code     0  printf8.o(i.__0printf$8)
    __2printf                                0x08004c91   Thumb Code     0  printf8.o(i.__0printf$8)
    __scatterload_copy                       0x08004cd1   Thumb Code    14  handlers.o(i.__scatterload_copy)
    __scatterload_null                       0x08004cdf   Thumb Code     2  handlers.o(i.__scatterload_null)
    __scatterload_zeroinit                   0x08004ce1   Thumb Code    14  handlers.o(i.__scatterload_zeroinit)
    buzzer_beep                              0x08005155   Thumb Code    92  buzzer.o(i.buzzer_beep)
    delay_init                               0x080051d9   Thumb Code     6  delay_us.o(i.delay_init)
    delay_ms                                 0x080051e5   Thumb Code    26  delay_us.o(i.delay_ms)
    delay_us                                 0x08005201   Thumb Code    48  delay_us.o(i.delay_us)
    fputc                                    0x08005235   Thumb Code    14  main.o(i.fputc)
    main                                     0x08005249   Thumb Code    58  main.o(i.main)
    osDelay                                  0x0800535d   Thumb Code    46  cmsis_os2.o(i.osDelay)
    osKernelInitialize                       0x08005391   Thumb Code    48  cmsis_os2.o(i.osKernelInitialize)
    osKernelStart                            0x080053c5   Thumb Code    56  cmsis_os2.o(i.osKernelStart)
    osSemaphoreAcquire                       0x08005401   Thumb Code   110  cmsis_os2.o(i.osSemaphoreAcquire)
    osSemaphoreNew                           0x08005479   Thumb Code   172  cmsis_os2.o(i.osSemaphoreNew)
    osSemaphoreRelease                       0x08005529   Thumb Code   104  cmsis_os2.o(i.osSemaphoreRelease)
    osThreadFlagsSet                         0x08005599   Thumb Code   132  cmsis_os2.o(i.osThreadFlagsSet)
    osThreadFlagsWait                        0x08005625   Thumb Code   170  cmsis_os2.o(i.osThreadFlagsWait)
    osThreadNew                              0x080056d5   Thumb Code   158  cmsis_os2.o(i.osThreadNew)
    pvPortMalloc                             0x08005f0d   Thumb Code   210  heap_4.o(i.pvPortMalloc)
    pvTaskIncrementMutexHeldCount            0x08005fe5   Thumb Code    18  tasks.o(i.pvTaskIncrementMutexHeldCount)
    pxPortInitialiseStack                    0x08005ffd   Thumb Code    40  port.o(i.pxPortInitialiseStack)
    uxListRemove                             0x08006029   Thumb Code    38  list.o(i.uxListRemove)
    vApplicationGetIdleTaskMemory            0x08006051   Thumb Code    16  cmsis_os2.o(i.vApplicationGetIdleTaskMemory)
    vApplicationGetTimerTaskMemory           0x08006065   Thumb Code    18  cmsis_os2.o(i.vApplicationGetTimerTaskMemory)
    vListInitialise                          0x0800607d   Thumb Code    22  list.o(i.vListInitialise)
    vListInitialiseItem                      0x08006093   Thumb Code     6  list.o(i.vListInitialiseItem)
    vListInsert                              0x08006099   Thumb Code    48  list.o(i.vListInsert)
    vListInsertEnd                           0x080060c9   Thumb Code    24  list.o(i.vListInsertEnd)
    vPortEnterCritical                       0x080060e1   Thumb Code    54  port.o(i.vPortEnterCritical)
    vPortExitCritical                        0x08006121   Thumb Code    34  port.o(i.vPortExitCritical)
    vPortFree                                0x08006149   Thumb Code    88  heap_4.o(i.vPortFree)
    vPortSetupTimerInterrupt                 0x080061a5   Thumb Code    32  port.o(i.vPortSetupTimerInterrupt)
    vPortValidateInterruptPriority           0x080061c9   Thumb Code    74  port.o(i.vPortValidateInterruptPriority)
    vQueueAddToRegistry                      0x0800621d   Thumb Code    34  queue.o(i.vQueueAddToRegistry)
    vQueueDelete                             0x08006245   Thumb Code    46  queue.o(i.vQueueDelete)
    vQueueUnregisterQueue                    0x08006275   Thumb Code    36  queue.o(i.vQueueUnregisterQueue)
    vQueueWaitForMessageRestricted           0x0800629d   Thumb Code    68  queue.o(i.vQueueWaitForMessageRestricted)
    vTaskDelay                               0x080062e1   Thumb Code    66  tasks.o(i.vTaskDelay)
    vTaskInternalSetTimeOutState             0x0800632d   Thumb Code    12  tasks.o(i.vTaskInternalSetTimeOutState)
    vTaskMissedYield                         0x0800633d   Thumb Code     8  tasks.o(i.vTaskMissedYield)
    vTaskPlaceOnEventList                    0x08006349   Thumb Code    44  tasks.o(i.vTaskPlaceOnEventList)
    vTaskPlaceOnEventListRestricted          0x08006379   Thumb Code    52  tasks.o(i.vTaskPlaceOnEventListRestricted)
    vTaskPriorityDisinheritAfterTimeout      0x080063b1   Thumb Code   134  tasks.o(i.vTaskPriorityDisinheritAfterTimeout)
    vTaskStartScheduler                      0x08006441   Thumb Code   118  tasks.o(i.vTaskStartScheduler)
    vTaskSuspendAll                          0x080064c9   Thumb Code    10  tasks.o(i.vTaskSuspendAll)
    vTaskSwitchContext                       0x080064d9   Thumb Code    90  tasks.o(i.vTaskSwitchContext)
    xPortStartScheduler                      0x0800653d   Thumb Code   222  port.o(i.xPortStartScheduler)
    xQueueCreateCountingSemaphore            0x08006631   Thumb Code    58  queue.o(i.xQueueCreateCountingSemaphore)
    xQueueCreateCountingSemaphoreStatic      0x0800666b   Thumb Code    64  queue.o(i.xQueueCreateCountingSemaphoreStatic)
    xQueueGenericCreate                      0x080066ab   Thumb Code    72  queue.o(i.xQueueGenericCreate)
    xQueueGenericCreateStatic                0x080066f3   Thumb Code   102  queue.o(i.xQueueGenericCreateStatic)
    xQueueGenericReset                       0x08006759   Thumb Code   132  queue.o(i.xQueueGenericReset)
    xQueueGenericSend                        0x080067e1   Thumb Code   346  queue.o(i.xQueueGenericSend)
    xQueueGenericSendFromISR                 0x08006941   Thumb Code   188  queue.o(i.xQueueGenericSendFromISR)
    xQueueGiveFromISR                        0x080069fd   Thumb Code   156  queue.o(i.xQueueGiveFromISR)
    xQueueReceive                            0x08006a99   Thumb Code   308  queue.o(i.xQueueReceive)
    xQueueReceiveFromISR                     0x08006bd1   Thumb Code   154  queue.o(i.xQueueReceiveFromISR)
    xQueueSemaphoreTake                      0x08006c6d   Thumb Code   372  queue.o(i.xQueueSemaphoreTake)
    xTaskCheckForTimeOut                     0x08006de5   Thumb Code   112  tasks.o(i.xTaskCheckForTimeOut)
    xTaskCreate                              0x08006e59   Thumb Code    90  tasks.o(i.xTaskCreate)
    xTaskCreateStatic                        0x08006eb3   Thumb Code    86  tasks.o(i.xTaskCreateStatic)
    xTaskGenericNotify                       0x08006f09   Thumb Code   210  tasks.o(i.xTaskGenericNotify)
    xTaskGenericNotifyFromISR                0x08006fe9   Thumb Code   246  tasks.o(i.xTaskGenericNotifyFromISR)
    xTaskGetSchedulerState                   0x080070ed   Thumb Code    22  tasks.o(i.xTaskGetSchedulerState)
    xTaskGetTickCount                        0x08007109   Thumb Code     6  tasks.o(i.xTaskGetTickCount)
    xTaskIncrementTick                       0x08007115   Thumb Code   190  tasks.o(i.xTaskIncrementTick)
    xTaskNotifyWait                          0x080071dd   Thumb Code   130  tasks.o(i.xTaskNotifyWait)
    xTaskPriorityDisinherit                  0x08007269   Thumb Code   118  tasks.o(i.xTaskPriorityDisinherit)
    xTaskPriorityInherit                     0x080072e9   Thumb Code   112  tasks.o(i.xTaskPriorityInherit)
    xTaskRemoveFromEventList                 0x08007361   Thumb Code    98  tasks.o(i.xTaskRemoveFromEventList)
    xTaskResumeAll                           0x080073d1   Thumb Code   182  tasks.o(i.xTaskResumeAll)
    xTimerCreateTimerTask                    0x08007495   Thumb Code    78  timers.o(i.xTimerCreateTimerTask)
    xTimerGenericCommand                     0x080074f5   Thumb Code    98  timers.o(i.xTimerGenericCommand)
    gImage_piano                             0x0800755c   Data       768008  freertos.o(.constdata)
    defaultTask_attributes                   0x080c2d64   Data          36  freertos.o(.constdata)
    GT9147_CFG_TBL                           0x080c2ecc   Data         184  gt9147.o(.constdata)
    GT9147_TPX_TBL                           0x080c2f84   Data          10  gt9147.o(.constdata)
    asc2_1206                                0x080c2f8e   Data        1140  lcd.o(.constdata)
    asc2_1608                                0x080c3402   Data        1520  lcd.o(.constdata)
    asc2_2412                                0x080c39f2   Data        3420  lcd.o(.constdata)
    AHBPrescTable                            0x080c474e   Data          16  system_stm32f4xx_1.o(.constdata)
    APBPrescTable                            0x080c475e   Data           8  system_stm32f4xx_1.o(.constdata)
    Region$$Table$$Base                      0x080c47a8   Number         0  anon$$obj.o(Region$$Table)
    Region$$Table$$Limit                     0x080c47c8   Number         0  anon$$obj.o(Region$$Table)
    defaultTaskHandle                        0x2000000c   Data           4  freertos.o(.data)
    line_x                                   0x2000001a   Data           2  gt9147.o(.data)
    line_y                                   0x2000001c   Data           2  gt9147.o(.data)
    CooX                                     0x2000001e   Data           2  gt9147.o(.data)
    CooY                                     0x20000020   Data           2  gt9147.o(.data)
    POINT_COLOR                              0x20000022   Data           2  lcd.o(.data)
    BACK_COLOR                               0x20000024   Data           2  lcd.o(.data)
    uwTickFreq                               0x20000030   Data           1  stm32f4xx_hal.o(.data)
    uwTickPrio                               0x20000034   Data           4  stm32f4xx_hal.o(.data)
    uwTick                                   0x20000038   Data           4  stm32f4xx_hal.o(.data)
    SystemCoreClock                          0x2000003c   Data           4  system_stm32f4xx_1.o(.data)
    pxCurrentTCB                             0x20000040   Data           4  tasks.o(.data)
    __stdout                                 0x200000b8   Data           4  stdout.o(.data)
    hsram1                                   0x200000bc   Data          80  fsmc.o(.bss)
    huart1                                   0x2000010c   Data          64  usart.o(.bss)
    htim1                                    0x2000014c   Data          64  stm32f4xx_hal_timebase_tim.o(.bss)
    tp_dev                                   0x2000018c   Data          40  lcd_touch.o(.bss)
    lcddev                                   0x200001b4   Data          14  lcd.o(.bss)
    htim12                                   0x200001c4   Data          64  tim.o(.bss)
    xQueueRegistry                           0x20000204   Data          64  queue.o(.bss)
    __initial_sp                             0x20004ed8   Data           0  startup_stm32f407xx.o(STACK)



==============================================================================

Memory Map of the image

  Image Entry point : 0x08000189

  Load Region LR_IROM1 (Base: 0x08000000, Size: 0x000c4884, Max: 0x00100000, ABSOLUTE)

    Execution Region ER_IROM1 (Base: 0x08000000, Size: 0x000c47c8, Max: 0x00100000, ABSOLUTE)

    Base Addr    Size         Type   Attr      Idx    E Section Name        Object

    0x08000000   0x00000188   Data   RO            3    RESET               startup_stm32f407xx.o
    0x08000188   0x00000000   Code   RO         5405  * .ARM.Collect$$$$00000000  mc_w.l(entry.o)
    0x08000188   0x00000004   Code   RO         5687    .ARM.Collect$$$$00000001  mc_w.l(entry2.o)
    0x0800018c   0x00000004   Code   RO         5690    .ARM.Collect$$$$00000004  mc_w.l(entry5.o)
    0x08000190   0x00000000   Code   RO         5692    .ARM.Collect$$$$00000008  mc_w.l(entry7b.o)
    0x08000190   0x00000000   Code   RO         5694    .ARM.Collect$$$$0000000A  mc_w.l(entry8b.o)
    0x08000190   0x00000008   Code   RO         5695    .ARM.Collect$$$$0000000B  mc_w.l(entry9a.o)
    0x08000198   0x00000000   Code   RO         5697    .ARM.Collect$$$$0000000D  mc_w.l(entry10a.o)
    0x08000198   0x00000000   Code   RO         5699    .ARM.Collect$$$$0000000F  mc_w.l(entry11a.o)
    0x08000198   0x00000004   Code   RO         5688    .ARM.Collect$$$$00002712  mc_w.l(entry2.o)
    0x0800019c   0x000000be   Code   RO         5328    .emb_text           port.o
    0x0800025a   0x00000002   PAD
    0x0800025c   0x00000024   Code   RO            4    .text               startup_stm32f407xx.o
    0x08000280   0x00000062   Code   RO         5408    .text               mc_w.l(uldiv.o)
    0x080002e2   0x00000024   Code   RO         5410    .text               mc_w.l(memcpya.o)
    0x08000306   0x00000024   Code   RO         5414    .text               mc_w.l(memseta.o)
    0x0800032a   0x0000001c   Code   RO         5416    .text               mc_w.l(strcmp.o)
    0x08000346   0x0000001e   Code   RO         5704    .text               mc_w.l(llshl.o)
    0x08000364   0x00000020   Code   RO         5706    .text               mc_w.l(llushr.o)
    0x08000384   0x00000024   Code   RO         5719    .text               mc_w.l(init.o)
    0x080003a8   0x00000002   Code   RO          429    i.BusFault_Handler  stm32f4xx_it.o
    0x080003aa   0x00000002   PAD
    0x080003ac   0x0000002c   Code   RO          240    i.BuzzerTask        freertos.o
    0x080003d8   0x0000005c   Code   RO          893    i.CT_IIC_Ack        my_iic.o
    0x08000434   0x00000094   Code   RO          894    i.CT_IIC_Init       my_iic.o
    0x080004c8   0x00000050   Code   RO          895    i.CT_IIC_NAck       my_iic.o
    0x08000518   0x00000068   Code   RO          896    i.CT_IIC_Read_Byte  my_iic.o
    0x08000580   0x00000070   Code   RO          897    i.CT_IIC_Send_Byte  my_iic.o
    0x080005f0   0x0000004c   Code   RO          898    i.CT_IIC_Start      my_iic.o
    0x0800063c   0x0000004c   Code   RO          899    i.CT_IIC_Stop       my_iic.o
    0x08000688   0x00000060   Code   RO          900    i.CT_IIC_Wait_Ack   my_iic.o
    0x080006e8   0x00000020   Code   RO          901    i.CT_SDA_IN         my_iic.o
    0x08000708   0x00000024   Code   RO          902    i.CT_SDA_OUT        my_iic.o
    0x0800072c   0x00000002   Code   RO          430    i.DebugMon_Handler  stm32f4xx_it.o
    0x0800072e   0x00000008   Code   RO          431    i.EXTI15_10_IRQHandler  stm32f4xx_it.o
    0x08000736   0x00000008   Code   RO          432    i.EXTI9_5_IRQHandler  stm32f4xx_it.o
    0x0800073e   0x00000002   Code   RO           13    i.Error_Handler     main.o
    0x08000740   0x00000040   Code   RO         2229    i.FSMC_NORSRAM_Extended_Timing_Init  stm32f4xx_ll_fsmc.o
    0x08000780   0x00000054   Code   RO         2230    i.FSMC_NORSRAM_Init  stm32f4xx_ll_fsmc.o
    0x080007d4   0x00000044   Code   RO         2231    i.FSMC_NORSRAM_Timing_Init  stm32f4xx_ll_fsmc.o
    0x08000818   0x0000013c   Code   RO          574    i.GT9147_Init       gt9147.o
    0x08000954   0x00000060   Code   RO          575    i.GT9147_RD_Reg     gt9147.o
    0x080009b4   0x00000188   Code   RO          576    i.GT9147_Scan       gt9147.o
    0x08000b3c   0x00000050   Code   RO          577    i.GT9147_Send_Cfg   gt9147.o
    0x08000b8c   0x00000052   Code   RO          578    i.GT9147_WR_Reg     gt9147.o
    0x08000bde   0x00000024   Code   RO         1552    i.HAL_DMA_Abort_IT  stm32f4xx_hal_dma.o
    0x08000c02   0x00000002   PAD
    0x08000c04   0x00000024   Code   RO         1970    i.HAL_Delay         stm32f4xx_hal.o
    0x08000c28   0x000000ac   Code   RO          339    i.HAL_FSMC_MspInit  fsmc.o
    0x08000cd4   0x00000028   Code   RO          241    i.HAL_GPIO_EXTI_Callback  freertos.o
    0x08000cfc   0x00000018   Code   RO         1443    i.HAL_GPIO_EXTI_IRQHandler  stm32f4xx_hal_gpio.o
    0x08000d14   0x000001b8   Code   RO         1444    i.HAL_GPIO_Init     stm32f4xx_hal_gpio.o
    0x08000ecc   0x0000000a   Code   RO         1446    i.HAL_GPIO_ReadPin  stm32f4xx_hal_gpio.o
    0x08000ed6   0x0000000a   Code   RO         1448    i.HAL_GPIO_WritePin  stm32f4xx_hal_gpio.o
    0x08000ee0   0x0000000c   Code   RO         1976    i.HAL_GetTick       stm32f4xx_hal.o
    0x08000eec   0x00000010   Code   RO         1982    i.HAL_IncTick       stm32f4xx_hal.o
    0x08000efc   0x00000034   Code   RO         1983    i.HAL_Init          stm32f4xx_hal.o
    0x08000f30   0x00000074   Code   RO          535    i.HAL_InitTick      stm32f4xx_hal_timebase_tim.o
    0x08000fa4   0x00000038   Code   RO          511    i.HAL_MspInit       stm32f4xx_hal_msp.o
    0x08000fdc   0x0000001a   Code   RO         1833    i.HAL_NVIC_EnableIRQ  stm32f4xx_hal_cortex.o
    0x08000ff6   0x00000002   PAD
    0x08000ff8   0x00000040   Code   RO         1839    i.HAL_NVIC_SetPriority  stm32f4xx_hal_cortex.o
    0x08001038   0x00000024   Code   RO         1840    i.HAL_NVIC_SetPriorityGrouping  stm32f4xx_hal_cortex.o
    0x0800105c   0x00000134   Code   RO         1090    i.HAL_RCC_ClockConfig  stm32f4xx_hal_rcc.o
    0x08001190   0x00000040   Code   RO         1094    i.HAL_RCC_GetClockConfig  stm32f4xx_hal_rcc.o
    0x080011d0   0x0000000c   Code   RO         1095    i.HAL_RCC_GetHCLKFreq  stm32f4xx_hal_rcc.o
    0x080011dc   0x00000020   Code   RO         1097    i.HAL_RCC_GetPCLK1Freq  stm32f4xx_hal_rcc.o
    0x080011fc   0x00000020   Code   RO         1098    i.HAL_RCC_GetPCLK2Freq  stm32f4xx_hal_rcc.o
    0x0800121c   0x00000064   Code   RO         1099    i.HAL_RCC_GetSysClockFreq  stm32f4xx_hal_rcc.o
    0x08001280   0x0000035c   Code   RO         1102    i.HAL_RCC_OscConfig  stm32f4xx_hal_rcc.o
    0x080015dc   0x00000056   Code   RO         2351    i.HAL_SRAM_Init     stm32f4xx_hal_sram.o
    0x08001632   0x00000004   Code   RO          341    i.HAL_SRAM_MspInit  fsmc.o
    0x08001636   0x00000002   Code   RO         3144    i.HAL_TIMEx_BreakCallback  stm32f4xx_hal_tim_ex.o
    0x08001638   0x00000002   Code   RO         3145    i.HAL_TIMEx_CommutCallback  stm32f4xx_hal_tim_ex.o
    0x0800163a   0x00000036   Code   RO         2469    i.HAL_TIM_Base_Init  stm32f4xx_hal_tim.o
    0x08001670   0x00000028   Code   RO         1042    i.HAL_TIM_Base_MspInit  tim.o
    0x08001698   0x00000022   Code   RO         2474    i.HAL_TIM_Base_Start_IT  stm32f4xx_hal_tim.o
    0x080016ba   0x000000d6   Code   RO         2478    i.HAL_TIM_ConfigClockSource  stm32f4xx_hal_tim.o
    0x08001790   0x00000002   Code   RO         2498    i.HAL_TIM_IC_CaptureCallback  stm32f4xx_hal_tim.o
    0x08001792   0x00000166   Code   RO         2512    i.HAL_TIM_IRQHandler  stm32f4xx_hal_tim.o
    0x080018f8   0x00000054   Code   RO         1043    i.HAL_TIM_MspPostInit  tim.o
    0x0800194c   0x00000002   Code   RO         2515    i.HAL_TIM_OC_DelayElapsedCallback  stm32f4xx_hal_tim.o
    0x0800194e   0x000000d0   Code   RO         2536    i.HAL_TIM_PWM_ConfigChannel  stm32f4xx_hal_tim.o
    0x08001a1e   0x00000036   Code   RO         2539    i.HAL_TIM_PWM_Init  stm32f4xx_hal_tim.o
    0x08001a54   0x00000002   Code   RO         2541    i.HAL_TIM_PWM_MspInit  stm32f4xx_hal_tim.o
    0x08001a56   0x00000002   Code   RO         2542    i.HAL_TIM_PWM_PulseFinishedCallback  stm32f4xx_hal_tim.o
    0x08001a58   0x00000044   Code   RO         2544    i.HAL_TIM_PWM_Start  stm32f4xx_hal_tim.o
    0x08001a9c   0x00000014   Code   RO           14    i.HAL_TIM_PeriodElapsedCallback  main.o
    0x08001ab0   0x00000002   Code   RO         2555    i.HAL_TIM_TriggerCallback  stm32f4xx_hal_tim.o
    0x08001ab2   0x00000002   Code   RO         3416    i.HAL_UART_ErrorCallback  stm32f4xx_hal_uart.o
    0x08001ab4   0x00000114   Code   RO         3419    i.HAL_UART_IRQHandler  stm32f4xx_hal_uart.o
    0x08001bc8   0x00000062   Code   RO         3420    i.HAL_UART_Init     stm32f4xx_hal_uart.o
    0x08001c2a   0x00000002   PAD
    0x08001c2c   0x0000007c   Code   RO          388    i.HAL_UART_MspInit  usart.o
    0x08001ca8   0x00000002   Code   RO         3426    i.HAL_UART_RxCpltCallback  stm32f4xx_hal_uart.o
    0x08001caa   0x00000002   Code   RO         3431    i.HAL_UART_TxCpltCallback  stm32f4xx_hal_uart.o
    0x08001cac   0x00000002   Code   RO          433    i.HardFault_Handler  stm32f4xx_it.o
    0x08001cae   0x00000002   PAD
    0x08001cb0   0x00000030   Code   RO          672    i.LCD_Clear         lcd.o
    0x08001ce0   0x00000040   Code   RO          676    i.LCD_Display_Dir   lcd.o
    0x08001d20   0x0000005c   Code   RO          678    i.LCD_DrawPicture   lcd.o
    0x08001d7c   0x00000014   Code   RO          680    i.LCD_DrawPoint_pic  lcd.o
    0x08001d90   0x0000012c   Code   RO          683    i.LCD_Fast_DrawPoint  lcd.o
    0x08001ebc   0x00001df8   Code   RO          685    i.LCD_Init          lcd.o
    0x08003cb4   0x00000014   Code   RO          689    i.LCD_ReadReg       lcd.o
    0x08003cc8   0x00000158   Code   RO          691    i.LCD_Scan_Dir      lcd.o
    0x08003e20   0x00000100   Code   RO          692    i.LCD_SetCursor     lcd.o
    0x08003f20   0x000000d4   Code   RO          694    i.LCD_ShowChar      lcd.o
    0x08003ff4   0x00000054   Code   RO          696    i.LCD_ShowString    lcd.o
    0x08004048   0x0000000e   Code   RO          698    i.LCD_WR_DATA       lcd.o
    0x08004056   0x0000000e   Code   RO          699    i.LCD_WR_REG        lcd.o
    0x08004064   0x00000010   Code   RO          701    i.LCD_WriteRAM_Prepare  lcd.o
    0x08004074   0x0000000a   Code   RO          702    i.LCD_WriteReg      lcd.o
    0x0800407e   0x00000002   PAD
    0x08004080   0x000000d8   Code   RO          242    i.LEDTask           freertos.o
    0x08004158   0x000000cc   Code   RO          243    i.MX_FREERTOS_Init  freertos.o
    0x08004224   0x00000070   Code   RO          342    i.MX_FSMC_Init      fsmc.o
    0x08004294   0x00000168   Code   RO          216    i.MX_GPIO_Init      gpio.o
    0x080043fc   0x00000084   Code   RO         1044    i.MX_TIM12_Init     tim.o
    0x08004480   0x00000038   Code   RO          389    i.MX_USART1_UART_Init  usart.o
    0x080044b8   0x00000002   Code   RO          434    i.MemManage_Handler  stm32f4xx_it.o
    0x080044ba   0x00000002   PAD
    0x080044bc   0x00000048   Code   RO          244    i.MusicTask         freertos.o
    0x08004504   0x00000002   Code   RO          435    i.NMI_Handler       stm32f4xx_it.o
    0x08004506   0x00000002   PAD
    0x08004508   0x00000080   Code   RO          245    i.ServoTask         freertos.o
    0x08004588   0x00000008   Code   RO          246    i.StartDefaultTask  freertos.o
    0x08004590   0x0000002c   Code   RO         5329    i.SysTick_Handler   port.o
    0x080045bc   0x00000088   Code   RO           15    i.SystemClock_Config  main.o
    0x08004644   0x0000001c   Code   RO         3722    i.SystemInit        system_stm32f4xx_1.o
    0x08004660   0x0000000c   Code   RO          436    i.TIM1_UP_TIM10_IRQHandler  stm32f4xx_it.o
    0x0800466c   0x000000c8   Code   RO         2557    i.TIM_Base_SetConfig  stm32f4xx_hal_tim.o
    0x08004734   0x0000001a   Code   RO         2558    i.TIM_CCxChannelCmd  stm32f4xx_hal_tim.o
    0x0800474e   0x00000014   Code   RO         2568    i.TIM_ETR_SetConfig  stm32f4xx_hal_tim.o
    0x08004762   0x00000010   Code   RO         2569    i.TIM_ITRx_SetConfig  stm32f4xx_hal_tim.o
    0x08004772   0x00000002   PAD
    0x08004774   0x00000060   Code   RO         2570    i.TIM_OC1_SetConfig  stm32f4xx_hal_tim.o
    0x080047d4   0x0000006c   Code   RO         2571    i.TIM_OC2_SetConfig  stm32f4xx_hal_tim.o
    0x08004840   0x00000068   Code   RO         2572    i.TIM_OC3_SetConfig  stm32f4xx_hal_tim.o
    0x080048a8   0x00000050   Code   RO         2573    i.TIM_OC4_SetConfig  stm32f4xx_hal_tim.o
    0x080048f8   0x00000022   Code   RO         2575    i.TIM_TI1_ConfigInputStage  stm32f4xx_hal_tim.o
    0x0800491a   0x00000024   Code   RO         2577    i.TIM_TI2_ConfigInputStage  stm32f4xx_hal_tim.o
    0x0800493e   0x00000002   PAD
    0x08004940   0x00000028   Code   RO          635    i.TP_Init           lcd_touch.o
    0x08004968   0x00000044   Code   RO          247    i.TouchTask         freertos.o
    0x080049ac   0x00000004   Code   RO          636    i.Touch_Scan        lcd_touch.o
    0x080049b0   0x00000010   Code   RO         3433    i.UART_DMAAbortOnError  stm32f4xx_hal_uart.o
    0x080049c0   0x0000001c   Code   RO         3443    i.UART_EndRxTransfer  stm32f4xx_hal_uart.o
    0x080049dc   0x00000096   Code   RO         3445    i.UART_Receive_IT   stm32f4xx_hal_uart.o
    0x08004a72   0x00000002   PAD
    0x08004a74   0x00000128   Code   RO         3446    i.UART_SetConfig    stm32f4xx_hal_uart.o
    0x08004b9c   0x00000062   Code   RO         3447    i.UART_Transmit_IT  stm32f4xx_hal_uart.o
    0x08004bfe   0x00000002   PAD
    0x08004c00   0x00000080   Code   RO          248    i.UITask            freertos.o
    0x08004c80   0x0000000c   Code   RO          437    i.USART1_IRQHandler  stm32f4xx_it.o
    0x08004c8c   0x00000002   Code   RO          438    i.UsageFault_Handler  stm32f4xx_it.o
    0x08004c8e   0x00000002   PAD
    0x08004c90   0x00000020   Code   RO         5627    i.__0printf$8       mc_w.l(printf8.o)
    0x08004cb0   0x00000020   Code   RO         1846    i.__NVIC_SetPriority  stm32f4xx_hal_cortex.o
    0x08004cd0   0x0000000e   Code   RO         5725    i.__scatterload_copy  mc_w.l(handlers.o)
    0x08004cde   0x00000002   Code   RO         5726    i.__scatterload_null  mc_w.l(handlers.o)
    0x08004ce0   0x0000000e   Code   RO         5727    i.__scatterload_zeroinit  mc_w.l(handlers.o)
    0x08004cee   0x00000002   PAD
    0x08004cf0   0x00000410   Code   RO         5634    i._printf_core      mc_w.l(printf8.o)
    0x08005100   0x00000024   Code   RO         5635    i._printf_post_padding  mc_w.l(printf8.o)
    0x08005124   0x0000002e   Code   RO         5636    i._printf_pre_padding  mc_w.l(printf8.o)
    0x08005152   0x00000002   PAD
    0x08005154   0x00000064   Code   RO         1012    i.buzzer_beep       buzzer.o
    0x080051b8   0x00000020   Code   RO         1013    i.buzzer_delay_us   buzzer.o
    0x080051d8   0x0000000c   Code   RO          974    i.delay_init        delay_us.o
    0x080051e4   0x0000001a   Code   RO          975    i.delay_ms          delay_us.o
    0x080051fe   0x00000002   PAD
    0x08005200   0x00000034   Code   RO          976    i.delay_us          delay_us.o
    0x08005234   0x00000014   Code   RO           16    i.fputc             main.o
    0x08005248   0x00000044   Code   RO           17    i.main              main.o
    0x0800528c   0x000000d0   Code   RO          249    i.map_touch_to_freq  freertos.o
    0x0800535c   0x00000034   Code   RO         4849    i.osDelay           cmsis_os2.o
    0x08005390   0x00000034   Code   RO         4863    i.osKernelInitialize  cmsis_os2.o
    0x080053c4   0x0000003c   Code   RO         4866    i.osKernelStart     cmsis_os2.o
    0x08005400   0x00000078   Code   RO         4882    i.osSemaphoreAcquire  cmsis_os2.o
    0x08005478   0x000000b0   Code   RO         4885    i.osSemaphoreNew    cmsis_os2.o
    0x08005528   0x00000070   Code   RO         4886    i.osSemaphoreRelease  cmsis_os2.o
    0x08005598   0x0000008c   Code   RO         4891    i.osThreadFlagsSet  cmsis_os2.o
    0x08005624   0x000000b0   Code   RO         4892    i.osThreadFlagsWait  cmsis_os2.o
    0x080056d4   0x000000a4   Code   RO         4899    i.osThreadNew       cmsis_os2.o
    0x08005778   0x0000005c   Code   RO         4330    i.prvAddCurrentTaskToDelayedList  tasks.o
    0x080057d4   0x000000d0   Code   RO         4331    i.prvAddNewTaskToReadyList  tasks.o
    0x080058a4   0x00000058   Code   RO         4683    i.prvCheckForValidListAndQueue  timers.o
    0x080058fc   0x00000026   Code   RO         3927    i.prvCopyDataFromQueue  queue.o
    0x08005922   0x0000006c   Code   RO         3928    i.prvCopyDataToQueue  queue.o
    0x0800598e   0x00000034   Code   RO         4332    i.prvDeleteTCB      tasks.o
    0x080059c2   0x00000002   PAD
    0x080059c4   0x0000004c   Code   RO         5279    i.prvHeapInit       heap_4.o
    0x08005a10   0x00000060   Code   RO         4333    i.prvIdleTask       tasks.o
    0x08005a70   0x00000022   Code   RO         3930    i.prvInitialiseNewQueue  queue.o
    0x08005a92   0x00000002   PAD
    0x08005a94   0x000000b0   Code   RO         4334    i.prvInitialiseNewTask  tasks.o
    0x08005b44   0x0000004c   Code   RO         5280    i.prvInsertBlockIntoFreeList  heap_4.o
    0x08005b90   0x00000038   Code   RO         4685    i.prvInsertTimerInActiveList  timers.o
    0x08005bc8   0x0000001c   Code   RO         3931    i.prvIsQueueEmpty   queue.o
    0x08005be4   0x000000fc   Code   RO         4686    i.prvProcessReceivedCommands  timers.o
    0x08005ce0   0x000000c0   Code   RO         4687    i.prvProcessTimerOrBlockTask  timers.o
    0x08005da0   0x00000020   Code   RO         4336    i.prvResetNextTaskUnblockTime  tasks.o
    0x08005dc0   0x00000028   Code   RO         4688    i.prvSampleTimeNow  timers.o
    0x08005de8   0x0000006c   Code   RO         4689    i.prvSwitchTimerLists  timers.o
    0x08005e54   0x00000028   Code   RO         5330    i.prvTaskExitError  port.o
    0x08005e7c   0x00000024   Code   RO         4690    i.prvTimerTask      timers.o
    0x08005ea0   0x0000006a   Code   RO         3932    i.prvUnlockQueue    queue.o
    0x08005f0a   0x00000002   PAD
    0x08005f0c   0x000000d8   Code   RO         5281    i.pvPortMalloc      heap_4.o
    0x08005fe4   0x00000018   Code   RO         4339    i.pvTaskIncrementMutexHeldCount  tasks.o
    0x08005ffc   0x0000002c   Code   RO         5331    i.pxPortInitialiseStack  port.o
    0x08006028   0x00000026   Code   RO         3887    i.uxListRemove      list.o
    0x0800604e   0x00000002   PAD
    0x08006050   0x00000014   Code   RO         4911    i.vApplicationGetIdleTaskMemory  cmsis_os2.o
    0x08006064   0x00000018   Code   RO         4912    i.vApplicationGetTimerTaskMemory  cmsis_os2.o
    0x0800607c   0x00000016   Code   RO         3888    i.vListInitialise   list.o
    0x08006092   0x00000006   Code   RO         3889    i.vListInitialiseItem  list.o
    0x08006098   0x00000030   Code   RO         3890    i.vListInsert       list.o
    0x080060c8   0x00000018   Code   RO         3891    i.vListInsertEnd    list.o
    0x080060e0   0x00000040   Code   RO         5333    i.vPortEnterCritical  port.o
    0x08006120   0x00000028   Code   RO         5334    i.vPortExitCritical  port.o
    0x08006148   0x0000005c   Code   RO         5282    i.vPortFree         heap_4.o
    0x080061a4   0x00000024   Code   RO         5335    i.vPortSetupTimerInterrupt  port.o
    0x080061c8   0x00000054   Code   RO         5336    i.vPortValidateInterruptPriority  port.o
    0x0800621c   0x00000028   Code   RO         3938    i.vQueueAddToRegistry  queue.o
    0x08006244   0x0000002e   Code   RO         3939    i.vQueueDelete      queue.o
    0x08006272   0x00000002   PAD
    0x08006274   0x00000028   Code   RO         3941    i.vQueueUnregisterQueue  queue.o
    0x0800629c   0x00000044   Code   RO         3942    i.vQueueWaitForMessageRestricted  queue.o
    0x080062e0   0x0000004c   Code   RO         4348    i.vTaskDelay        tasks.o
    0x0800632c   0x00000010   Code   RO         4353    i.vTaskInternalSetTimeOutState  tasks.o
    0x0800633c   0x0000000c   Code   RO         4354    i.vTaskMissedYield  tasks.o
    0x08006348   0x00000030   Code   RO         4356    i.vTaskPlaceOnEventList  tasks.o
    0x08006378   0x00000038   Code   RO         4357    i.vTaskPlaceOnEventListRestricted  tasks.o
    0x080063b0   0x00000090   Code   RO         4359    i.vTaskPriorityDisinheritAfterTimeout  tasks.o
    0x08006440   0x00000088   Code   RO         4365    i.vTaskStartScheduler  tasks.o
    0x080064c8   0x00000010   Code   RO         4367    i.vTaskSuspendAll   tasks.o
    0x080064d8   0x00000064   Code   RO         4368    i.vTaskSwitchContext  tasks.o
    0x0800653c   0x000000f4   Code   RO         5337    i.xPortStartScheduler  port.o
    0x08006630   0x0000003a   Code   RO         3943    i.xQueueCreateCountingSemaphore  queue.o
    0x0800666a   0x00000040   Code   RO         3944    i.xQueueCreateCountingSemaphoreStatic  queue.o
    0x080066aa   0x00000048   Code   RO         3947    i.xQueueGenericCreate  queue.o
    0x080066f2   0x00000066   Code   RO         3948    i.xQueueGenericCreateStatic  queue.o
    0x08006758   0x00000088   Code   RO         3949    i.xQueueGenericReset  queue.o
    0x080067e0   0x00000160   Code   RO         3950    i.xQueueGenericSend  queue.o
    0x08006940   0x000000bc   Code   RO         3951    i.xQueueGenericSendFromISR  queue.o
    0x080069fc   0x0000009c   Code   RO         3954    i.xQueueGiveFromISR  queue.o
    0x08006a98   0x00000138   Code   RO         3960    i.xQueueReceive     queue.o
    0x08006bd0   0x0000009a   Code   RO         3961    i.xQueueReceiveFromISR  queue.o
    0x08006c6a   0x00000002   PAD
    0x08006c6c   0x00000178   Code   RO         3962    i.xQueueSemaphoreTake  queue.o
    0x08006de4   0x00000074   Code   RO         4369    i.xTaskCheckForTimeOut  tasks.o
    0x08006e58   0x0000005a   Code   RO         4370    i.xTaskCreate       tasks.o
    0x08006eb2   0x00000056   Code   RO         4371    i.xTaskCreateStatic  tasks.o
    0x08006f08   0x000000e0   Code   RO         4372    i.xTaskGenericNotify  tasks.o
    0x08006fe8   0x00000104   Code   RO         4373    i.xTaskGenericNotifyFromISR  tasks.o
    0x080070ec   0x0000001c   Code   RO         4375    i.xTaskGetSchedulerState  tasks.o
    0x08007108   0x0000000c   Code   RO         4376    i.xTaskGetTickCount  tasks.o
    0x08007114   0x000000c8   Code   RO         4378    i.xTaskIncrementTick  tasks.o
    0x080071dc   0x0000008c   Code   RO         4380    i.xTaskNotifyWait   tasks.o
    0x08007268   0x00000080   Code   RO         4381    i.xTaskPriorityDisinherit  tasks.o
    0x080072e8   0x00000078   Code   RO         4382    i.xTaskPriorityInherit  tasks.o
    0x08007360   0x00000070   Code   RO         4383    i.xTaskRemoveFromEventList  tasks.o
    0x080073d0   0x000000c4   Code   RO         4384    i.xTaskResumeAll    tasks.o
    0x08007494   0x00000060   Code   RO         4698    i.xTimerCreateTimerTask  timers.o
    0x080074f4   0x00000068   Code   RO         4699    i.xTimerGenericCommand  timers.o
    0x0800755c   0x000bb970   Data   RO          250    .constdata          freertos.o
    0x080c2ecc   0x000000c2   Data   RO          579    .constdata          gt9147.o
    0x080c2f8e   0x000017c0   Data   RO          705    .constdata          lcd.o
    0x080c474e   0x00000010   Data   RO         3723    .constdata          system_stm32f4xx_1.o
    0x080c475e   0x00000008   Data   RO         3724    .constdata          system_stm32f4xx_1.o
    0x080c4766   0x00000002   PAD
    0x080c4768   0x0000003e   Data   RO          251    .conststring        freertos.o
    0x080c47a6   0x00000002   PAD
    0x080c47a8   0x00000020   Data   RO         5723    Region$$Table       anon$$obj.o


    Execution Region RW_IRAM2 (Base: 0x10000000, Size: 0x00000000, Max: 0x00010000, ABSOLUTE)

    **** No section assigned to this execution region ****


    Execution Region RW_IRAM1 (Base: 0x20000000, Size: 0x00004ed8, Max: 0x00020000, ABSOLUTE)

    Base Addr    Size         Type   Attr      Idx    E Section Name        Object

    0x20000000   0x00000010   Data   RW          252    .data               freertos.o
    0x20000010   0x00000008   Data   RW          344    .data               fsmc.o
    0x20000018   0x0000000a   Data   RW          580    .data               gt9147.o
    0x20000022   0x00000008   Data   RW          706    .data               lcd.o
    0x2000002a   0x00000002   PAD
    0x2000002c   0x00000004   Data   RW          977    .data               delay_us.o
    0x20000030   0x0000000c   Data   RW         1990    .data               stm32f4xx_hal.o
    0x2000003c   0x00000004   Data   RW         3725    .data               system_stm32f4xx_1.o
    0x20000040   0x0000003c   Data   RW         4387    .data               tasks.o
    0x2000007c   0x00000014   Data   RW         4707    .data               timers.o
    0x20000090   0x00000004   Data   RW         4914    .data               cmsis_os2.o
    0x20000094   0x00000018   Data   RW         5287    .data               heap_4.o
    0x200000ac   0x0000000c   Data   RW         5338    .data               port.o
    0x200000b8   0x00000004   Data   RW         5701    .data               mc_w.l(stdout.o)
    0x200000bc   0x00000050   Zero   RW          343    .bss                fsmc.o
    0x2000010c   0x00000040   Zero   RW          390    .bss                usart.o
    0x2000014c   0x00000040   Zero   RW          538    .bss                stm32f4xx_hal_timebase_tim.o
    0x2000018c   0x00000028   Zero   RW          637    .bss                lcd_touch.o
    0x200001b4   0x0000000e   Zero   RW          704    .bss                lcd.o
    0x200001c2   0x00000002   PAD
    0x200001c4   0x00000040   Zero   RW         1045    .bss                tim.o
    0x20000204   0x00000040   Zero   RW         3964    .bss                queue.o
    0x20000244   0x000004c4   Zero   RW         4386    .bss                tasks.o
    0x20000708   0x00000118   Zero   RW         4706    .bss                timers.o
    0x20000820   0x000006b8   Zero   RW         4913    .bss                cmsis_os2.o
    0x20000ed8   0x00003c00   Zero   RW         5286    .bss                heap_4.o
    0x20004ad8   0x00000400   Zero   RW            1    STACK               startup_stm32f407xx.o


==============================================================================

Image component sizes


      Code (inc. data)   RO Data    RW Data    ZI Data      Debug   Object Name

       132         18          0          0          0       1566   buzzer.o
      1096         66          0          4       1720      38688   cmsis_os2.o
        90         10          0          4          0       1791   delay_us.o
         0          0          0          0          0      18308   event_groups.o
      1116        140     768430         16          0       8927   freertos.o
       288         36          0          8         80       2123   fsmc.o
       360         28          0          0          0       1155   gpio.o
       966         76        194         10          0       4754   gt9147.o
       460         24          0         24      15360       4699   heap_4.o
      9166        196       6080          8         14      16226   lcd.o
        44          8          0          0         40       1632   lcd_touch.o
       138          0          0          0          0       3474   list.o
       246         32          0          0          0     714156   main.o
       852         92          0          0          0       6210   my_iic.o
       786         82          0         12          0      11445   port.o
      2478         28          0          0         64      26180   queue.o
        36          8        392          0       1024        824   startup_stm32f407xx.o
       116         18          0         12          0       8626   stm32f4xx_hal.o
       158         14          0          0          0      33102   stm32f4xx_hal_cortex.o
        36          0          0          0          0       1187   stm32f4xx_hal_dma.o
       484         52          0          0          0       3622   stm32f4xx_hal_gpio.o
        56          4          0          0          0        814   stm32f4xx_hal_msp.o
      1408         92          0          0          0       6269   stm32f4xx_hal_rcc.o
        86          0          0          0          0       1192   stm32f4xx_hal_sram.o
      1720         90          0          0          0      16222   stm32f4xx_hal_tim.o
         4          0          0          0          0       1561   stm32f4xx_hal_tim_ex.o
       116         16          0          0         64       1359   stm32f4xx_hal_timebase_tim.o
       968         16          0          0          0       7327   stm32f4xx_hal_uart.o
        52         12          0          0          0       4464   stm32f4xx_it.o
       216         12          0          0          0       2655   stm32f4xx_ll_fsmc.o
         0          0          0          0          0        392   stream_buffer.o
        28          6         24          4          0       1095   system_stm32f4xx_1.o
      2996        244          0         60       1220      33060   tasks.o
       256         32          0          0         64       2222   tim.o
       972         80          0         20        280      31795   timers.o
       180         22          0          0         64       1626   usart.o

    ----------------------------------------------------------------------
     28148       1554     775156        184      19996    1020748   Object Totals
         0          0         32          0          0          0   (incl. Generated)
        42          0          4          2          2          0   (incl. Padding)

    ----------------------------------------------------------------------

      Code (inc. data)   RO Data    RW Data    ZI Data      Debug   Library Member Name

         0          0          0          0          0          0   entry.o
         0          0          0          0          0          0   entry10a.o
         0          0          0          0          0          0   entry11a.o
         8          4          0          0          0          0   entry2.o
         4          0          0          0          0          0   entry5.o
         0          0          0          0          0          0   entry7b.o
         0          0          0          0          0          0   entry8b.o
         8          4          0          0          0          0   entry9a.o
        30          0          0          0          0          0   handlers.o
        36          8          0          0          0         68   init.o
        30          0          0          0          0         68   llshl.o
        32          0          0          0          0         68   llushr.o
        36          0          0          0          0         68   memcpya.o
        36          0          0          0          0        108   memseta.o
      1154         54          0          0          0        352   printf8.o
         0          0          0          4          0          0   stdout.o
        28          0          0          0          0         76   strcmp.o
        98          0          0          0          0         92   uldiv.o

    ----------------------------------------------------------------------
      1504         70          0          4          0        900   Library Totals
         4          0          0          0          0          0   (incl. Padding)

    ----------------------------------------------------------------------

      Code (inc. data)   RO Data    RW Data    ZI Data      Debug   Library Name

      1500         70          0          4          0        900   mc_w.l

    ----------------------------------------------------------------------
      1504         70          0          4          0        900   Library Totals

    ----------------------------------------------------------------------

==============================================================================


      Code (inc. data)   RO Data    RW Data    ZI Data      Debug   

     29652       1624     775156        188      19996    1000336   Grand Totals
     29652       1624     775156        188      19996    1000336   ELF Image Totals
     29652       1624     775156        188          0          0   ROM Totals

==============================================================================

    Total RO  Size (Code + RO Data)               804808 ( 785.95kB)
    Total RW  Size (RW Data + ZI Data)             20184 (  19.71kB)
    Total ROM Size (Code + RO Data + RW Data)     804996 ( 786.13kB)

==============================================================================

