<html>
<body>
<pre>
<h1>µVision Build Log</h1>
<h2>Tool Versions:</h2>
IDE-Version: ¦ÌVision V5.23.0.0
Copyright (C) 2017 ARM Ltd and ARM Germany GmbH. All rights reserved.
License Information: hq Microsoft, Microsoft, LIC=FYKYW-QGMVJ-01RP1-CN72W-EMB3N-D69AJ
 
Tool Versions:
Toolchain:       MDK-ARM Plus  Version: 5.23
Toolchain Path:  D:\soft\Keil\ARM\ARMCC\Bin
C Compiler:      Armcc.exe V5.06 update 4 (build 422)
Assembler:       Armasm.exe V5.06 update 4 (build 422)
Linker/Locator:  ArmLink.exe V5.06 update 4 (build 422)
Library Manager: ArmAr.exe V5.06 update 4 (build 422)
Hex Converter:   FromElf.exe V5.06 update 4 (build 422)
CPU DLL:         SARMCM3.DLL V5.23
Dialog DLL:      DCM.DLL V1.15.0.0
Target DLL:      STLink\ST-LINKIII-KEIL_SWO.dll V2.0.18.0
Dialog DLL:      TCM.DLL V1.27.0.0
 
<h2>Project:</h2>
G:\102301428\MDK-ARM\102301428.uvprojx
Project File Date:  11/02/2025

<h2>Output:</h2>
*** Using Compiler 'V5.06 update 4 (build 422)', folder: 'D:\soft\Keil\ARM\ARMCC\Bin'
Build target '102301428'
compiling main.c...
../Src/main.c(234): warning:  #1035-D: single-precision operand implicitly converted to double-precision
          if(temp0 > 0.8 |temp1 > 2.5 ) alarm = 1;
../Src/main.c(234): warning:  #1035-D: single-precision operand implicitly converted to double-precision
          if(temp0 > 0.8 |temp1 > 2.5 ) alarm = 1;
../Src/main.c: 2 warnings, 0 errors
linking...
Program Size: Code=16004 RO-data=920 RW-data=152 ZI-data=17600  
FromELF: creating hex file...
"102301428\102301428.axf" - 0 Error(s), 2 Warning(s).

<h2>Software Packages used:</h2>

Package Vendor: ARM
                http://www.keil.com/pack/ARM.CMSIS.5.0.1.pack
                ARM::CMSIS:CORE:5.0.1
                CMSIS (Cortex Microcontroller Software Interface Standard)
   * Component: CORE Version: 5.0.1

<h2>Collection of Component include folders:</h2>
  .\RTE\_102301428
  D:\soft\Keil\ARM\PACK\ARM\CMSIS\5.0.1\CMSIS\Include
  D:\soft\Keil\ARM\PACK\Keil\STM32F4xx_DFP\2.7.0\Drivers\CMSIS\Device\ST\STM32F4xx\Include

<h2>Collection of Component Files used:</h2>

   * Component: ARM::CMSIS:CORE:5.0.1
Build Time Elapsed:  00:00:03
</pre>
</body>
</html>
